Archive member included because of file (symbol)

c:/coocox/gnu_tools_arm_embedded/4.6_2012q4/bin/../lib/gcc/arm-none-eabi/4.6.2/armv7-m\libgcc.a(_arm_addsubdf3.o)
                              ..\obj\functions.o (__aeabi_dsub)
c:/coocox/gnu_tools_arm_embedded/4.6_2012q4/bin/../lib/gcc/arm-none-eabi/4.6.2/armv7-m\libgcc.a(_arm_muldivdf3.o)
                              ..\obj\TouchPanel.o (__aeabi_dmul)
c:/coocox/gnu_tools_arm_embedded/4.6_2012q4/bin/../lib/gcc/arm-none-eabi/4.6.2/armv7-m\libgcc.a(_arm_cmpdf2.o)
                              ..\obj\main.o (__aeabi_dcmpeq)
c:/coocox/gnu_tools_arm_embedded/4.6_2012q4/bin/../lib/gcc/arm-none-eabi/4.6.2/armv7-m\libgcc.a(_arm_fixdfsi.o)
                              ..\obj\functions.o (__aeabi_d2iz)
c:/coocox/gnu_tools_arm_embedded/4.6_2012q4/bin/../lib/gcc/arm-none-eabi/4.6.2/armv7-m\libgcc.a(_arm_fixunsdfsi.o)
                              ..\obj\TouchPanel.o (__aeabi_d2uiz)
c:/coocox/gnu_tools_arm_embedded/4.6_2012q4/bin/../lib/gcc/arm-none-eabi/4.6.2/../../../../arm-none-eabi/lib/armv7-m\libg.a(lib_a-memcpy.o)
                              ..\obj\HzLib.o (memcpy)
c:/coocox/gnu_tools_arm_embedded/4.6_2012q4/bin/../lib/gcc/arm-none-eabi/4.6.2/../../../../arm-none-eabi/lib/armv7-m\libg.a(lib_a-memset.o)
                              ..\obj\TouchPanel.o (memset)

Allocating common symbols
Common symbol       size              file

id_ir_data          0x4               ..\obj\init_ir.o
memory              0x400             ..\obj\main.o
display             0x4               ..\obj\TouchPanel.o
irbuf               0x88              ..\obj\main.o
tbl                 0x100             ..\obj\functions.o
ScreenSample        0xc               ..\obj\TouchPanel.o
matrix              0x38              ..\obj\TouchPanel.o
sensor              0x38              ..\obj\main.o
id_ir_addr          0x4               ..\obj\init_ir.o

Discarded input sections

 .text          0x00000000        0x0 ..\obj\stm32f10x_tim.o
 .data          0x00000000        0x0 ..\obj\stm32f10x_tim.o
 .bss           0x00000000        0x0 ..\obj\stm32f10x_tim.o
 .text.TIM_DeInit
                0x00000000      0x2b0 ..\obj\stm32f10x_tim.o
 .text.TIM_ICInit
                0x00000000       0xa8 ..\obj\stm32f10x_tim.o
 .text.TIM_PWMIConfig
                0x00000000       0xc4 ..\obj\stm32f10x_tim.o
 .text.TIM_BDTRConfig
                0x00000000       0x50 ..\obj\stm32f10x_tim.o
 .text.TIM_ICStructInit
                0x00000000       0x3c ..\obj\stm32f10x_tim.o
 .text.TIM_BDTRStructInit
                0x00000000       0x4c ..\obj\stm32f10x_tim.o
 .text.TIM_GenerateEvent
                0x00000000       0x1c ..\obj\stm32f10x_tim.o
 .text.TIM_DMAConfig
                0x00000000       0x28 ..\obj\stm32f10x_tim.o
 .text.TIM_DMACmd
                0x00000000       0x48 ..\obj\stm32f10x_tim.o
 .text.TIM_InternalClockConfig
                0x00000000       0x24 ..\obj\stm32f10x_tim.o
 .text.TIM_ITRxExternalClockConfig
                0x00000000       0x30 ..\obj\stm32f10x_tim.o
 .text.TIM_TIxExternalClockConfig
                0x00000000       0x58 ..\obj\stm32f10x_tim.o
 .text.TIM_ETRClockMode1Config
                0x00000000       0x54 ..\obj\stm32f10x_tim.o
 .text.TIM_ETRClockMode2Config
                0x00000000       0x34 ..\obj\stm32f10x_tim.o
 .text.TIM_ETRConfig
                0x00000000       0x4c ..\obj\stm32f10x_tim.o
 .text.TIM_PrescalerConfig
                0x00000000       0x28 ..\obj\stm32f10x_tim.o
 .text.TIM_CounterModeConfig
                0x00000000       0x38 ..\obj\stm32f10x_tim.o
 .text.TIM_SelectInputTrigger
                0x00000000       0x38 ..\obj\stm32f10x_tim.o
 .text.TIM_EncoderInterfaceConfig
                0x00000000       0x94 ..\obj\stm32f10x_tim.o
 .text.TIM_ForcedOC1Config
                0x00000000       0x38 ..\obj\stm32f10x_tim.o
 .text.TIM_ForcedOC2Config
                0x00000000       0x40 ..\obj\stm32f10x_tim.o
 .text.TIM_ForcedOC3Config
                0x00000000       0x38 ..\obj\stm32f10x_tim.o
 .text.TIM_ForcedOC4Config
                0x00000000       0x40 ..\obj\stm32f10x_tim.o
 .text.TIM_SelectCOM
                0x00000000       0x40 ..\obj\stm32f10x_tim.o
 .text.TIM_SelectCCDMA
                0x00000000       0x40 ..\obj\stm32f10x_tim.o
 .text.TIM_CCPreloadControl
                0x00000000       0x40 ..\obj\stm32f10x_tim.o
 .text.TIM_OC1PreloadConfig
                0x00000000       0x38 ..\obj\stm32f10x_tim.o
 .text.TIM_OC2PreloadConfig
                0x00000000       0x40 ..\obj\stm32f10x_tim.o
 .text.TIM_OC3PreloadConfig
                0x00000000       0x38 ..\obj\stm32f10x_tim.o
 .text.TIM_OC1FastConfig
                0x00000000       0x38 ..\obj\stm32f10x_tim.o
 .text.TIM_OC2FastConfig
                0x00000000       0x40 ..\obj\stm32f10x_tim.o
 .text.TIM_OC3FastConfig
                0x00000000       0x38 ..\obj\stm32f10x_tim.o
 .text.TIM_OC4FastConfig
                0x00000000       0x40 ..\obj\stm32f10x_tim.o
 .text.TIM_ClearOC1Ref
                0x00000000       0x38 ..\obj\stm32f10x_tim.o
 .text.TIM_ClearOC2Ref
                0x00000000       0x44 ..\obj\stm32f10x_tim.o
 .text.TIM_ClearOC3Ref
                0x00000000       0x38 ..\obj\stm32f10x_tim.o
 .text.TIM_ClearOC4Ref
                0x00000000       0x44 ..\obj\stm32f10x_tim.o
 .text.TIM_OC1PolarityConfig
                0x00000000       0x38 ..\obj\stm32f10x_tim.o
 .text.TIM_OC1NPolarityConfig
                0x00000000       0x38 ..\obj\stm32f10x_tim.o
 .text.TIM_OC2PolarityConfig
                0x00000000       0x40 ..\obj\stm32f10x_tim.o
 .text.TIM_OC2NPolarityConfig
                0x00000000       0x40 ..\obj\stm32f10x_tim.o
 .text.TIM_OC3PolarityConfig
                0x00000000       0x40 ..\obj\stm32f10x_tim.o
 .text.TIM_OC3NPolarityConfig
                0x00000000       0x40 ..\obj\stm32f10x_tim.o
 .text.TIM_OC4PolarityConfig
                0x00000000       0x40 ..\obj\stm32f10x_tim.o
 .text.TIM_CCxCmd
                0x00000000       0x5c ..\obj\stm32f10x_tim.o
 .text.TIM_CCxNCmd
                0x00000000       0x5c ..\obj\stm32f10x_tim.o
 .text.TIM_SelectOCxM
                0x00000000       0xbc ..\obj\stm32f10x_tim.o
 .text.TIM_UpdateDisableConfig
                0x00000000       0x40 ..\obj\stm32f10x_tim.o
 .text.TIM_UpdateRequestConfig
                0x00000000       0x40 ..\obj\stm32f10x_tim.o
 .text.TIM_SelectHallSensor
                0x00000000       0x40 ..\obj\stm32f10x_tim.o
 .text.TIM_SelectOnePulseMode
                0x00000000       0x38 ..\obj\stm32f10x_tim.o
 .text.TIM_SelectOutputTrigger
                0x00000000       0x38 ..\obj\stm32f10x_tim.o
 .text.TIM_SelectSlaveMode
                0x00000000       0x38 ..\obj\stm32f10x_tim.o
 .text.TIM_SelectMasterSlaveMode
                0x00000000       0x38 ..\obj\stm32f10x_tim.o
 .text.TIM_SetCounter
                0x00000000       0x1c ..\obj\stm32f10x_tim.o
 .text.TIM_SetAutoreload
                0x00000000       0x1c ..\obj\stm32f10x_tim.o
 .text.TIM_SetCompare1
                0x00000000       0x1c ..\obj\stm32f10x_tim.o
 .text.TIM_SetCompare2
                0x00000000       0x1c ..\obj\stm32f10x_tim.o
 .text.TIM_SetCompare3
                0x00000000       0x1c ..\obj\stm32f10x_tim.o
 .text.TIM_SetCompare4
                0x00000000       0x20 ..\obj\stm32f10x_tim.o
 .text.TIM_SetIC1Prescaler
                0x00000000       0x38 ..\obj\stm32f10x_tim.o
 .text.TIM_SetIC2Prescaler
                0x00000000       0x3c ..\obj\stm32f10x_tim.o
 .text.TIM_SetIC3Prescaler
                0x00000000       0x38 ..\obj\stm32f10x_tim.o
 .text.TIM_SetIC4Prescaler
                0x00000000       0x3c ..\obj\stm32f10x_tim.o
 .text.TIM_SetClockDivision
                0x00000000       0x38 ..\obj\stm32f10x_tim.o
 .text.TIM_GetCapture1
                0x00000000       0x1c ..\obj\stm32f10x_tim.o
 .text.TIM_GetCapture2
                0x00000000       0x1c ..\obj\stm32f10x_tim.o
 .text.TIM_GetCapture3
                0x00000000       0x1c ..\obj\stm32f10x_tim.o
 .text.TIM_GetCapture4
                0x00000000       0x1c ..\obj\stm32f10x_tim.o
 .text.TIM_GetCounter
                0x00000000       0x1c ..\obj\stm32f10x_tim.o
 .text.TIM_GetPrescaler
                0x00000000       0x1c ..\obj\stm32f10x_tim.o
 .text.TIM_GetFlagStatus
                0x00000000       0x40 ..\obj\stm32f10x_tim.o
 .text.TIM_GetITStatus
                0x00000000       0x60 ..\obj\stm32f10x_tim.o
 .text.TIM_ClearITPendingBit
                0x00000000       0x24 ..\obj\stm32f10x_tim.o
 .text.TI1_Config
                0x00000000       0xe4 ..\obj\stm32f10x_tim.o
 .text.TI2_Config
                0x00000000      0x104 ..\obj\stm32f10x_tim.o
 .text.TI3_Config
                0x00000000       0xf4 ..\obj\stm32f10x_tim.o
 .text.TI4_Config
                0x00000000      0x10c ..\obj\stm32f10x_tim.o
 .text          0x00000000        0x0 ..\obj\core_cm3.o
 .data          0x00000000        0x0 ..\obj\core_cm3.o
 .bss           0x00000000        0x0 ..\obj\core_cm3.o
 .text.__get_PSP
                0x00000000       0x10 ..\obj\core_cm3.o
 .text.__set_PSP
                0x00000000        0x8 ..\obj\core_cm3.o
 .text.__get_MSP
                0x00000000       0x10 ..\obj\core_cm3.o
 .text.__set_MSP
                0x00000000        0x8 ..\obj\core_cm3.o
 .text.__get_BASEPRI
                0x00000000       0x20 ..\obj\core_cm3.o
 .text.__set_BASEPRI
                0x00000000       0x18 ..\obj\core_cm3.o
 .text.__get_PRIMASK
                0x00000000       0x20 ..\obj\core_cm3.o
 .text.__set_PRIMASK
                0x00000000       0x18 ..\obj\core_cm3.o
 .text.__get_FAULTMASK
                0x00000000       0x20 ..\obj\core_cm3.o
 .text.__set_FAULTMASK
                0x00000000       0x18 ..\obj\core_cm3.o
 .text.__get_CONTROL
                0x00000000       0x20 ..\obj\core_cm3.o
 .text.__set_CONTROL
                0x00000000       0x18 ..\obj\core_cm3.o
 .text.__REV    0x00000000       0x24 ..\obj\core_cm3.o
 .text.__REV16  0x00000000       0x24 ..\obj\core_cm3.o
 .text.__REVSH  0x00000000       0x24 ..\obj\core_cm3.o
 .text.__RBIT   0x00000000       0x24 ..\obj\core_cm3.o
 .text.__LDREXB
                0x00000000       0x24 ..\obj\core_cm3.o
 .text.__LDREXH
                0x00000000       0x24 ..\obj\core_cm3.o
 .text.__LDREXW
                0x00000000       0x24 ..\obj\core_cm3.o
 .text.__STREXB
                0x00000000       0x2c ..\obj\core_cm3.o
 .text.__STREXH
                0x00000000       0x2c ..\obj\core_cm3.o
 .text.__STREXW
                0x00000000       0x28 ..\obj\core_cm3.o
 .text          0x00000000        0x0 ..\obj\system_stm32f10x.o
 .data          0x00000000       0x14 ..\obj\system_stm32f10x.o
 .bss           0x00000000        0x0 ..\obj\system_stm32f10x.o
 .text.SystemCoreClockUpdate
                0x00000000      0x148 ..\obj\system_stm32f10x.o
 .text          0x00000000        0x0 ..\obj\startup_stm32f10x_hd.o
 .data          0x00000000        0x0 ..\obj\startup_stm32f10x_hd.o
 .bss           0x00000000        0x0 ..\obj\startup_stm32f10x_hd.o
 .text          0x00000000        0x0 ..\obj\stm32f10x_fsmc.o
 .data          0x00000000        0x0 ..\obj\stm32f10x_fsmc.o
 .bss           0x00000000        0x0 ..\obj\stm32f10x_fsmc.o
 .text.FSMC_NORSRAMDeInit
                0x00000000       0x5c ..\obj\stm32f10x_fsmc.o
 .text.FSMC_NANDDeInit
                0x00000000       0x8c ..\obj\stm32f10x_fsmc.o
 .text.FSMC_PCCARDDeInit
                0x00000000       0x50 ..\obj\stm32f10x_fsmc.o
 .text.FSMC_NORSRAMInit
                0x00000000      0x150 ..\obj\stm32f10x_fsmc.o
 .text.FSMC_NANDInit
                0x00000000      0x100 ..\obj\stm32f10x_fsmc.o
 .text.FSMC_PCCARDInit
                0x00000000       0xd4 ..\obj\stm32f10x_fsmc.o
 .text.FSMC_NORSRAMStructInit
                0x00000000      0x108 ..\obj\stm32f10x_fsmc.o
 .text.FSMC_NANDStructInit
                0x00000000       0x9c ..\obj\stm32f10x_fsmc.o
 .text.FSMC_PCCARDStructInit
                0x00000000       0xa4 ..\obj\stm32f10x_fsmc.o
 .text.FSMC_NORSRAMCmd
                0x00000000       0x58 ..\obj\stm32f10x_fsmc.o
 .text.FSMC_NANDCmd
                0x00000000       0xa0 ..\obj\stm32f10x_fsmc.o
 .text.FSMC_PCCARDCmd
                0x00000000       0x54 ..\obj\stm32f10x_fsmc.o
 .text.FSMC_NANDECCCmd
                0x00000000       0xa0 ..\obj\stm32f10x_fsmc.o
 .text.FSMC_GetECC
                0x00000000       0x3c ..\obj\stm32f10x_fsmc.o
 .text.FSMC_ITConfig
                0x00000000       0xec ..\obj\stm32f10x_fsmc.o
 .text.FSMC_GetFlagStatus
                0x00000000       0x74 ..\obj\stm32f10x_fsmc.o
 .text.FSMC_ClearFlag
                0x00000000       0x80 ..\obj\stm32f10x_fsmc.o
 .text.FSMC_GetITStatus
                0x00000000       0x94 ..\obj\stm32f10x_fsmc.o
 .text.FSMC_ClearITPendingBit
                0x00000000       0x8c ..\obj\stm32f10x_fsmc.o
 .text          0x00000000        0x0 ..\obj\stm32f10x_pwr.o
 .data          0x00000000        0x0 ..\obj\stm32f10x_pwr.o
 .bss           0x00000000        0x0 ..\obj\stm32f10x_pwr.o
 .text.__WFI    0x00000000        0xc ..\obj\stm32f10x_pwr.o
 .text.__WFE    0x00000000        0xc ..\obj\stm32f10x_pwr.o
 .text.PWR_DeInit
                0x00000000       0x20 ..\obj\stm32f10x_pwr.o
 .text.PWR_BackupAccessCmd
                0x00000000       0x20 ..\obj\stm32f10x_pwr.o
 .text.PWR_PVDCmd
                0x00000000       0x20 ..\obj\stm32f10x_pwr.o
 .text.PWR_PVDLevelConfig
                0x00000000       0x40 ..\obj\stm32f10x_pwr.o
 .text.PWR_WakeUpPinCmd
                0x00000000       0x20 ..\obj\stm32f10x_pwr.o
 .text.PWR_EnterSTOPMode
                0x00000000       0x84 ..\obj\stm32f10x_pwr.o
 .text.PWR_EnterSTANDBYMode
                0x00000000       0x54 ..\obj\stm32f10x_pwr.o
 .text.PWR_GetFlagStatus
                0x00000000       0x40 ..\obj\stm32f10x_pwr.o
 .text.PWR_ClearFlag
                0x00000000       0x30 ..\obj\stm32f10x_pwr.o
 .text          0x00000000        0x0 ..\obj\init_ir.o
 .data          0x00000000        0x0 ..\obj\init_ir.o
 .bss           0x00000000        0x0 ..\obj\init_ir.o
 COMMON         0x00000000        0x8 ..\obj\init_ir.o
 .text          0x00000000        0x0 ..\obj\HzLib.o
 .data          0x00000000        0x0 ..\obj\HzLib.o
 .bss           0x00000000        0x0 ..\obj\HzLib.o
 .rodata        0x00000000    0x34e00 ..\obj\HzLib.o
 .text.GetGBKCode
                0x00000000       0x5c ..\obj\HzLib.o
 .text          0x00000000        0x0 ..\obj\stm32f10x_gpio.o
 .data          0x00000000        0x0 ..\obj\stm32f10x_gpio.o
 .bss           0x00000000        0x0 ..\obj\stm32f10x_gpio.o
 .text.GPIO_DeInit
                0x00000000      0x128 ..\obj\stm32f10x_gpio.o
 .text.GPIO_AFIODeInit
                0x00000000       0x20 ..\obj\stm32f10x_gpio.o
 .text.GPIO_StructInit
                0x00000000       0x2c ..\obj\stm32f10x_gpio.o
 .text.GPIO_ReadInputDataBit
                0x00000000       0x3c ..\obj\stm32f10x_gpio.o
 .text.GPIO_ReadInputData
                0x00000000       0x1c ..\obj\stm32f10x_gpio.o
 .text.GPIO_ReadOutputDataBit
                0x00000000       0x3c ..\obj\stm32f10x_gpio.o
 .text.GPIO_ReadOutputData
                0x00000000       0x1c ..\obj\stm32f10x_gpio.o
 .text.GPIO_SetBits
                0x00000000       0x1c ..\obj\stm32f10x_gpio.o
 .text.GPIO_ResetBits
                0x00000000       0x1c ..\obj\stm32f10x_gpio.o
 .text.GPIO_WriteBit
                0x00000000       0x30 ..\obj\stm32f10x_gpio.o
 .text.GPIO_Write
                0x00000000       0x1c ..\obj\stm32f10x_gpio.o
 .text.GPIO_PinLockConfig
                0x00000000       0x44 ..\obj\stm32f10x_gpio.o
 .text.GPIO_EventOutputConfig
                0x00000000       0x54 ..\obj\stm32f10x_gpio.o
 .text.GPIO_EventOutputCmd
                0x00000000       0x20 ..\obj\stm32f10x_gpio.o
 .text.GPIO_PinRemapConfig
                0x00000000      0x120 ..\obj\stm32f10x_gpio.o
 .text.GPIO_ETH_MediaInterfaceConfig
                0x00000000       0x20 ..\obj\stm32f10x_gpio.o
 .text          0x00000000        0x0 ..\obj\main.o
 .text          0x00000000        0x0 ..\obj\init_usart.o
 .data          0x00000000        0x0 ..\obj\init_usart.o
 .bss           0x00000000        0x0 ..\obj\init_usart.o
 .text.InitUSART
                0x00000000      0x128 ..\obj\init_usart.o
 .text          0x00000000        0x0 ..\obj\init_pwm.o
 .data          0x00000000        0x0 ..\obj\init_pwm.o
 .bss           0x00000000        0x0 ..\obj\init_pwm.o
 .text          0x00000000        0x0 ..\obj\TouchPanel.o
 .data          0x00000000        0xc ..\obj\TouchPanel.o
 .bss           0x00000000        0x8 ..\obj\TouchPanel.o
 .text.ADS7843_SPI_Init
                0x00000000       0x84 ..\obj\TouchPanel.o
 .text.TP_Init  0x00000000       0x9c ..\obj\TouchPanel.o
 .text.DelayUS  0x00000000       0x4c ..\obj\TouchPanel.o
 .text.WR_CMD   0x00000000       0x60 ..\obj\TouchPanel.o
 .text.RD_AD    0x00000000       0xe0 ..\obj\TouchPanel.o
 .text.Read_X   0x00000000       0x54 ..\obj\TouchPanel.o
 .text.Read_Y   0x00000000       0x54 ..\obj\TouchPanel.o
 .text.TP_GetAdXY
                0x00000000       0x38 ..\obj\TouchPanel.o
 .text.TP_DrawPoint
                0x00000000       0x70 ..\obj\TouchPanel.o
 .text.DrawCross
                0x00000000      0x190 ..\obj\TouchPanel.o
 .text._Read_Ads7846
                0x00000000      0x31c ..\obj\TouchPanel.o
 .text.setCalibrationMatrix
                0x00000000      0x370 ..\obj\TouchPanel.o
 .text.getDisplayPoint
                0x00000000      0x150 ..\obj\TouchPanel.o
 .rodata        0x00000000       0x20 ..\obj\TouchPanel.o
 .text.TouchPanel_Calibrate
                0x00000000       0xd8 ..\obj\TouchPanel.o
 .text.CalibrateOrFlash
                0x00000000      0x154 ..\obj\TouchPanel.o
 .text.Mediana  0x00000000      0x108 ..\obj\TouchPanel.o
 .text.Read_Ads7846
                0x00000000       0xbc ..\obj\TouchPanel.o
 COMMON         0x00000000       0x48 ..\obj\TouchPanel.o
 .text          0x00000000        0x0 ..\obj\AsciiLib.o
 .data          0x00000000        0x0 ..\obj\AsciiLib.o
 .bss           0x00000000        0x0 ..\obj\AsciiLib.o
 .rodata        0x00000000     0x11d0 ..\obj\AsciiLib.o
 .text.GetASCIIptr
                0x00000000       0x74 ..\obj\AsciiLib.o
 .text          0x00000000        0x0 ..\obj\stm32f10x_rcc.o
 .data          0x00000000       0x14 ..\obj\stm32f10x_rcc.o
 .bss           0x00000000        0x0 ..\obj\stm32f10x_rcc.o
 .text.RCC_DeInit
                0x00000000       0x9c ..\obj\stm32f10x_rcc.o
 .text.RCC_HSEConfig
                0x00000000       0x88 ..\obj\stm32f10x_rcc.o
 .text.RCC_WaitForHSEStartUp
                0x00000000       0x64 ..\obj\stm32f10x_rcc.o
 .text.RCC_AdjustHSICalibrationValue
                0x00000000       0x48 ..\obj\stm32f10x_rcc.o
 .text.RCC_HSICmd
                0x00000000       0x20 ..\obj\stm32f10x_rcc.o
 .text.RCC_PLLConfig
                0x00000000       0x48 ..\obj\stm32f10x_rcc.o
 .text.RCC_PLLCmd
                0x00000000       0x20 ..\obj\stm32f10x_rcc.o
 .text.RCC_SYSCLKConfig
                0x00000000       0x40 ..\obj\stm32f10x_rcc.o
 .text.RCC_GetSYSCLKSource
                0x00000000       0x20 ..\obj\stm32f10x_rcc.o
 .text.RCC_HCLKConfig
                0x00000000       0x40 ..\obj\stm32f10x_rcc.o
 .text.RCC_PCLK1Config
                0x00000000       0x40 ..\obj\stm32f10x_rcc.o
 .text.RCC_PCLK2Config
                0x00000000       0x44 ..\obj\stm32f10x_rcc.o
 .text.RCC_ITConfig
                0x00000000       0x60 ..\obj\stm32f10x_rcc.o
 .text.RCC_USBCLKConfig
                0x00000000       0x20 ..\obj\stm32f10x_rcc.o
 .text.RCC_LSEConfig
                0x00000000       0x60 ..\obj\stm32f10x_rcc.o
 .text.RCC_LSICmd
                0x00000000       0x20 ..\obj\stm32f10x_rcc.o
 .text.RCC_RTCCLKConfig
                0x00000000       0x2c ..\obj\stm32f10x_rcc.o
 .text.RCC_RTCCLKCmd
                0x00000000       0x20 ..\obj\stm32f10x_rcc.o
 .text.RCC_GetClocksFreq
                0x00000000      0x1d4 ..\obj\stm32f10x_rcc.o
 .text.RCC_APB2PeriphResetCmd
                0x00000000       0x58 ..\obj\stm32f10x_rcc.o
 .text.RCC_APB1PeriphResetCmd
                0x00000000       0x58 ..\obj\stm32f10x_rcc.o
 .text.RCC_BackupResetCmd
                0x00000000       0x20 ..\obj\stm32f10x_rcc.o
 .text.RCC_ClockSecuritySystemCmd
                0x00000000       0x20 ..\obj\stm32f10x_rcc.o
 .text.RCC_MCOConfig
                0x00000000       0x20 ..\obj\stm32f10x_rcc.o
 .text.RCC_GetFlagStatus
                0x00000000       0x90 ..\obj\stm32f10x_rcc.o
 .text.RCC_ClearFlag
                0x00000000       0x24 ..\obj\stm32f10x_rcc.o
 .text.RCC_GetITStatus
                0x00000000       0x40 ..\obj\stm32f10x_rcc.o
 .text.RCC_ClearITPendingBit
                0x00000000       0x20 ..\obj\stm32f10x_rcc.o
 .text          0x00000000        0x0 ..\obj\functions.o
 .data          0x00000000        0x0 ..\obj\functions.o
 .text.GetCharFromUSART
                0x00000000       0x34 ..\obj\functions.o
 .text.Calculate
                0x00000000       0x84 ..\obj\functions.o
 .text.SetWeights
                0x00000000      0x130 ..\obj\functions.o
 .text.ReadFromUSART
                0x00000000      0x23c ..\obj\functions.o
 .text          0x00000000        0x0 ..\obj\stm32f10x_exti.o
 .data          0x00000000        0x0 ..\obj\stm32f10x_exti.o
 .bss           0x00000000        0x0 ..\obj\stm32f10x_exti.o
 .text.EXTI_DeInit
                0x00000000       0x54 ..\obj\stm32f10x_exti.o
 .text.EXTI_StructInit
                0x00000000       0x34 ..\obj\stm32f10x_exti.o
 .text.EXTI_GenerateSWInterrupt
                0x00000000       0x2c ..\obj\stm32f10x_exti.o
 .text.EXTI_GetFlagStatus
                0x00000000       0x40 ..\obj\stm32f10x_exti.o
 .text.EXTI_ClearFlag
                0x00000000       0x20 ..\obj\stm32f10x_exti.o
 .text.EXTI_GetITStatus
                0x00000000       0x5c ..\obj\stm32f10x_exti.o
 .text          0x00000000        0x0 ..\obj\stm32f10x_adc.o
 .data          0x00000000        0x0 ..\obj\stm32f10x_adc.o
 .bss           0x00000000        0x0 ..\obj\stm32f10x_adc.o
 .text.ADC_DeInit
                0x00000000       0x88 ..\obj\stm32f10x_adc.o
 .text.ADC_StructInit
                0x00000000       0x44 ..\obj\stm32f10x_adc.o
 .text.ADC_ITConfig
                0x00000000       0x4c ..\obj\stm32f10x_adc.o
 .text.ADC_GetSoftwareStartConvStatus
                0x00000000       0x38 ..\obj\stm32f10x_adc.o
 .text.ADC_DiscModeChannelCountConfig
                0x00000000       0x4c ..\obj\stm32f10x_adc.o
 .text.ADC_DiscModeCmd
                0x00000000       0x38 ..\obj\stm32f10x_adc.o
 .text.ADC_ExternalTrigConvCmd
                0x00000000       0x38 ..\obj\stm32f10x_adc.o
 .text.ADC_GetConversionValue
                0x00000000       0x1c ..\obj\stm32f10x_adc.o
 .text.ADC_GetDualModeConversionValue
                0x00000000       0x18 ..\obj\stm32f10x_adc.o
 .text.ADC_AutoInjectedConvCmd
                0x00000000       0x38 ..\obj\stm32f10x_adc.o
 .text.ADC_InjectedDiscModeCmd
                0x00000000       0x38 ..\obj\stm32f10x_adc.o
 .text.ADC_ExternalTrigInjectedConvConfig
                0x00000000       0x38 ..\obj\stm32f10x_adc.o
 .text.ADC_ExternalTrigInjectedConvCmd
                0x00000000       0x38 ..\obj\stm32f10x_adc.o
 .text.ADC_SoftwareStartInjectedConvCmd
                0x00000000       0x38 ..\obj\stm32f10x_adc.o
 .text.ADC_GetSoftwareStartInjectedConvCmdStatus
                0x00000000       0x38 ..\obj\stm32f10x_adc.o
 .text.ADC_InjectedChannelConfig
                0x00000000      0x144 ..\obj\stm32f10x_adc.o
 .text.ADC_InjectedSequencerLengthConfig
                0x00000000       0x4c ..\obj\stm32f10x_adc.o
 .text.ADC_SetInjectedOffset
                0x00000000       0x34 ..\obj\stm32f10x_adc.o
 .text.ADC_GetInjectedConversionValue
                0x00000000       0x34 ..\obj\stm32f10x_adc.o
 .text.ADC_AnalogWatchdogCmd
                0x00000000       0x3c ..\obj\stm32f10x_adc.o
 .text.ADC_AnalogWatchdogThresholdsConfig
                0x00000000       0x28 ..\obj\stm32f10x_adc.o
 .text.ADC_AnalogWatchdogSingleChannelConfig
                0x00000000       0x38 ..\obj\stm32f10x_adc.o
 .text.ADC_TempSensorVrefintCmd
                0x00000000       0x4c ..\obj\stm32f10x_adc.o
 .text.ADC_GetFlagStatus
                0x00000000       0x3c ..\obj\stm32f10x_adc.o
 .text.ADC_ClearFlag
                0x00000000       0x20 ..\obj\stm32f10x_adc.o
 .text.ADC_GetITStatus
                0x00000000       0x68 ..\obj\stm32f10x_adc.o
 .text.ADC_ClearITPendingBit
                0x00000000       0x30 ..\obj\stm32f10x_adc.o
 .text          0x00000000        0x0 ..\obj\stm32f10x_usart.o
 .data          0x00000000        0x0 ..\obj\stm32f10x_usart.o
 .bss           0x00000000        0x0 ..\obj\stm32f10x_usart.o
 .text.USART_DeInit
                0x00000000       0xd8 ..\obj\stm32f10x_usart.o
 .text.USART_Init
                0x00000000      0x1ac ..\obj\stm32f10x_usart.o
 .text.USART_StructInit
                0x00000000       0x44 ..\obj\stm32f10x_usart.o
 .text.USART_ClockInit
                0x00000000       0x58 ..\obj\stm32f10x_usart.o
 .text.USART_ClockStructInit
                0x00000000       0x34 ..\obj\stm32f10x_usart.o
 .text.USART_Cmd
                0x00000000       0x40 ..\obj\stm32f10x_usart.o
 .text.USART_ITConfig
                0x00000000       0xa4 ..\obj\stm32f10x_usart.o
 .text.USART_DMACmd
                0x00000000       0x48 ..\obj\stm32f10x_usart.o
 .text.USART_SetAddress
                0x00000000       0x38 ..\obj\stm32f10x_usart.o
 .text.USART_WakeUpConfig
                0x00000000       0x38 ..\obj\stm32f10x_usart.o
 .text.USART_ReceiverWakeUpCmd
                0x00000000       0x40 ..\obj\stm32f10x_usart.o
 .text.USART_LINBreakDetectLengthConfig
                0x00000000       0x38 ..\obj\stm32f10x_usart.o
 .text.USART_LINCmd
                0x00000000       0x40 ..\obj\stm32f10x_usart.o
 .text.USART_SendData
                0x00000000       0x28 ..\obj\stm32f10x_usart.o
 .text.USART_ReceiveData
                0x00000000       0x24 ..\obj\stm32f10x_usart.o
 .text.USART_SendBreak
                0x00000000       0x24 ..\obj\stm32f10x_usart.o
 .text.USART_SetGuardTime
                0x00000000       0x3c ..\obj\stm32f10x_usart.o
 .text.USART_SetPrescaler
                0x00000000       0x38 ..\obj\stm32f10x_usart.o
 .text.USART_SmartCardCmd
                0x00000000       0x40 ..\obj\stm32f10x_usart.o
 .text.USART_SmartCardNACKCmd
                0x00000000       0x40 ..\obj\stm32f10x_usart.o
 .text.USART_HalfDuplexCmd
                0x00000000       0x40 ..\obj\stm32f10x_usart.o
 .text.USART_OverSampling8Cmd
                0x00000000       0x48 ..\obj\stm32f10x_usart.o
 .text.USART_OneBitMethodCmd
                0x00000000       0x40 ..\obj\stm32f10x_usart.o
 .text.USART_IrDAConfig
                0x00000000       0x38 ..\obj\stm32f10x_usart.o
 .text.USART_IrDACmd
                0x00000000       0x40 ..\obj\stm32f10x_usart.o
 .text.USART_GetFlagStatus
                0x00000000       0x40 ..\obj\stm32f10x_usart.o
 .text.USART_ClearFlag
                0x00000000       0x24 ..\obj\stm32f10x_usart.o
 .text.USART_GetITStatus
                0x00000000       0xc4 ..\obj\stm32f10x_usart.o
 .text.USART_ClearITPendingBit
                0x00000000       0x44 ..\obj\stm32f10x_usart.o
 .text          0x00000000        0x0 ..\obj\init_ADC.o
 .bss           0x00000000        0x0 ..\obj\init_ADC.o
 .text          0x00000000        0x0 ..\obj\ee_ram.o
 .data          0x00000000        0x0 ..\obj\ee_ram.o
 .bss           0x00000000        0x0 ..\obj\ee_ram.o
 .text.EE_IsEqual
                0x00000000       0x7c ..\obj\ee_ram.o
 .text.EE_Write
                0x00000000       0xac ..\obj\ee_ram.o
 .text.ProgramWRO4
                0x00000000       0x84 ..\obj\ee_ram.o
 .text          0x00000000        0x0 ..\obj\syscalls.o
 .data          0x00000000        0x0 ..\obj\syscalls.o
 .bss           0x00000000        0x4 ..\obj\syscalls.o
 .text._sbrk    0x00000000       0x5c ..\obj\syscalls.o
 .text.link     0x00000000       0x1c ..\obj\syscalls.o
 .text._close   0x00000000       0x18 ..\obj\syscalls.o
 .text._fstat   0x00000000       0x24 ..\obj\syscalls.o
 .text._isatty  0x00000000       0x18 ..\obj\syscalls.o
 .text._lseek   0x00000000       0x1c ..\obj\syscalls.o
 .text._read    0x00000000       0x1c ..\obj\syscalls.o
 .text._write   0x00000000       0x1c ..\obj\syscalls.o
 .text.abort    0x00000000        0x8 ..\obj\syscalls.o
 .text          0x00000000        0x0 ..\obj\stm32f10x_flash.o
 .data          0x00000000        0x0 ..\obj\stm32f10x_flash.o
 .bss           0x00000000        0x0 ..\obj\stm32f10x_flash.o
 .text.FLASH_SetLatency
                0x00000000       0x40 ..\obj\stm32f10x_flash.o
 .text.FLASH_HalfCycleAccessCmd
                0x00000000       0x44 ..\obj\stm32f10x_flash.o
 .text.FLASH_PrefetchBufferCmd
                0x00000000       0x44 ..\obj\stm32f10x_flash.o
 .text.FLASH_UnlockBank1
                0x00000000       0x30 ..\obj\stm32f10x_flash.o
 .text.FLASH_LockBank1
                0x00000000       0x24 ..\obj\stm32f10x_flash.o
 .text.FLASH_EraseAllPages
                0x00000000       0x84 ..\obj\stm32f10x_flash.o
 .text.FLASH_EraseAllBank1Pages
                0x00000000       0x84 ..\obj\stm32f10x_flash.o
 .text.FLASH_EraseOptionBytes
                0x00000000      0x138 ..\obj\stm32f10x_flash.o
 .text.FLASH_ProgramWord
                0x00000000       0xc0 ..\obj\stm32f10x_flash.o
 .text.FLASH_ProgramOptionByteData
                0x00000000       0xa4 ..\obj\stm32f10x_flash.o
 .text.FLASH_EnableWriteProtection
                0x00000000      0x15c ..\obj\stm32f10x_flash.o
 .text.FLASH_ReadOutProtection
                0x00000000      0x140 ..\obj\stm32f10x_flash.o
 .text.FLASH_UserOptionByteConfig
                0x00000000       0xc0 ..\obj\stm32f10x_flash.o
 .text.FLASH_GetUserOptionByte
                0x00000000       0x1c ..\obj\stm32f10x_flash.o
 .text.FLASH_GetWriteProtectionOptionByte
                0x00000000       0x18 ..\obj\stm32f10x_flash.o
 .text.FLASH_GetReadOutProtectionStatus
                0x00000000       0x3c ..\obj\stm32f10x_flash.o
 .text.FLASH_GetPrefetchBufferStatus
                0x00000000       0x3c ..\obj\stm32f10x_flash.o
 .text.FLASH_ITConfig
                0x00000000       0x58 ..\obj\stm32f10x_flash.o
 .text.FLASH_GetFlagStatus
                0x00000000       0x68 ..\obj\stm32f10x_flash.o
 .text.FLASH_ClearFlag
                0x00000000       0x20 ..\obj\stm32f10x_flash.o
 .text.FLASH_GetStatus
                0x00000000       0x70 ..\obj\stm32f10x_flash.o
 .text.FLASH_WaitForLastBank1Operation
                0x00000000       0x4c ..\obj\stm32f10x_flash.o
 .text          0x00000000        0x0 ..\obj\pwm_nasz_regulator.o
 .data          0x00000000        0x0 ..\obj\pwm_nasz_regulator.o
 .bss           0x00000000        0x0 ..\obj\pwm_nasz_regulator.o
 .text          0x00000000        0x0 ..\obj\stm32f10x_dma.o
 .data          0x00000000        0x0 ..\obj\stm32f10x_dma.o
 .bss           0x00000000        0x0 ..\obj\stm32f10x_dma.o
 .text.DMA_DeInit
                0x00000000      0x220 ..\obj\stm32f10x_dma.o
 .text.DMA_StructInit
                0x00000000       0x6c ..\obj\stm32f10x_dma.o
 .text.DMA_ITConfig
                0x00000000       0x40 ..\obj\stm32f10x_dma.o
 .text.DMA_SetCurrDataCounter
                0x00000000       0x1c ..\obj\stm32f10x_dma.o
 .text.DMA_GetCurrDataCounter
                0x00000000       0x1c ..\obj\stm32f10x_dma.o
 .text.DMA_GetFlagStatus
                0x00000000       0x60 ..\obj\stm32f10x_dma.o
 .text.DMA_ClearFlag
                0x00000000       0x38 ..\obj\stm32f10x_dma.o
 .text.DMA_GetITStatus
                0x00000000       0x60 ..\obj\stm32f10x_dma.o
 .text.DMA_ClearITPendingBit
                0x00000000       0x38 ..\obj\stm32f10x_dma.o
 .text          0x00000000        0x0 ..\obj\GLCD.o
 .data          0x00000000        0x4 ..\obj\GLCD.o
 .bss           0x00000000        0x4 ..\obj\GLCD.o
 .text.LCD_WriteReg
                0x00000000       0x30 ..\obj\GLCD.o
 .text.LCD_WriteRAM_Prepare
                0x00000000       0x14 ..\obj\GLCD.o
 .text.LCD_WriteRAM
                0x00000000       0x20 ..\obj\GLCD.o
 .text.LCD_ReadRAM
                0x00000000       0x38 ..\obj\GLCD.o
 .text.LCD_CtrlLinesConfig
                0x00000000       0x70 ..\obj\GLCD.o
 .text.LCD_FSMCConfig
                0x00000000       0xd8 ..\obj\GLCD.o
 .text.__LCD_FSMCConfig
                0x00000000      0x1e4 ..\obj\GLCD.o
 .text.LCD_Configuration
                0x00000000       0x10 ..\obj\GLCD.o
 .text.LCD_ReadReg
                0x00000000       0x2c ..\obj\GLCD.o
 .text.LCD_SetCursor
                0x00000000       0x88 ..\obj\GLCD.o
 .text.LCD_GetCursor
                0x00000000       0xa0 ..\obj\GLCD.o
 .text.LCD_Delay
                0x00000000       0x48 ..\obj\GLCD.o
 .text.LCD_Initializtion
                0x00000000      0xf90 ..\obj\GLCD.o
 .text.LCD_SetWindow
                0x00000000       0x6c ..\obj\GLCD.o
 .text.LCD_Clear
                0x00000000       0x54 ..\obj\GLCD.o
 .text._LCD_ClearRect
                0x00000000       0x6c ..\obj\GLCD.o
 .text.LCD_ClearRect
                0x00000000       0x6c ..\obj\GLCD.o
 .text.LCD_GetPoint
                0x00000000       0x70 ..\obj\GLCD.o
 .text.LCD_SetPoint
                0x00000000       0x48 ..\obj\GLCD.o
 .text.LCD_DrawPicture
                0x00000000       0x58 ..\obj\GLCD.o
 .text.LCD_DrawLine
                0x00000000      0x198 ..\obj\GLCD.o
 .text.PutChar  0x00000000       0x94 ..\obj\GLCD.o
 .text.PutChar2x
                0x00000000      0x110 ..\obj\GLCD.o
 .text.PutCharOpaque
                0x00000000       0x90 ..\obj\GLCD.o
 .text.PutChar6xV
                0x00000000      0x46c ..\obj\GLCD.o
 .text.PutCharV2
                0x00000000      0x110 ..\obj\GLCD.o
 .text.PutChar2H
                0x00000000       0xe4 ..\obj\GLCD.o
 .text.PutChar2W
                0x00000000       0xb0 ..\obj\GLCD.o
 .text.GUI_Text
                0x00000000       0x74 ..\obj\GLCD.o
 .text.GUI_TextOpaque
                0x00000000       0x70 ..\obj\GLCD.o
 .text.GUI_Text2x
                0x00000000       0x74 ..\obj\GLCD.o
 .text.GUI_Text6Vx
                0x00000000       0x74 ..\obj\GLCD.o
 .text.GUI_Text2H
                0x00000000       0x74 ..\obj\GLCD.o
 .text.GUI_Text2W
                0x00000000       0x74 ..\obj\GLCD.o
 .text.LCD_BGR2RGB
                0x00000000       0x50 ..\obj\GLCD.o
 .text.LCD_BackLight_Init
                0x00000000      0x158 ..\obj\GLCD.o
 .text.LCD_BackLight
                0x00000000       0x38 ..\obj\GLCD.o
 .text.LCD_DrawHLine
                0x00000000       0x48 ..\obj\GLCD.o
 .text.LCD_DrawVLine
                0x00000000       0x4c ..\obj\GLCD.o
 .text.LCD_DrawRect
                0x00000000       0xe4 ..\obj\GLCD.o
 .text.LCD_DrawRect2
                0x00000000      0x17c ..\obj\GLCD.o
 .text.LCD_FillRect
                0x00000000       0x6c ..\obj\GLCD.o
 .text.LCD_DrawHBar
                0x00000000       0xb8 ..\obj\GLCD.o
 .text.LCD_DrawHBar2
                0x00000000       0xd8 ..\obj\GLCD.o
 .text.LCD_DrawVBar
                0x00000000       0xac ..\obj\GLCD.o
 .text.LCD_Circle
                0x00000000      0x18c ..\obj\GLCD.o
 .text.LCD_FillCircle
                0x00000000      0x130 ..\obj\GLCD.o
 .text          0x00000000        0x0 ..\obj\misc.o
 .data          0x00000000        0x0 ..\obj\misc.o
 .bss           0x00000000        0x0 ..\obj\misc.o
 .text.NVIC_SetVectorTable
                0x00000000       0x2c ..\obj\misc.o
 .text.NVIC_SystemLPConfig
                0x00000000       0x58 ..\obj\misc.o
 .text.SysTick_CLKSourceConfig
                0x00000000       0x4c ..\obj\misc.o
 .text          0x00000000        0x0 ..\obj\init_timer.o
 .data          0x00000000        0x0 ..\obj\init_timer.o
 .bss           0x00000000        0x0 ..\obj\init_timer.o
 .text          0x00000000        0x0 ..\obj\init_input.o
 .data          0x00000000        0x0 ..\obj\init_input.o
 .bss           0x00000000        0x0 ..\obj\init_input.o
 .text.InitSensors
                0x00000000       0x88 ..\obj\init_input.o
 .text          0x00000000        0x0 ..\obj\stm32f10x_spi.o
 .data          0x00000000        0x0 ..\obj\stm32f10x_spi.o
 .bss           0x00000000        0x0 ..\obj\stm32f10x_spi.o
 .text.SPI_I2S_DeInit
                0x00000000       0x88 ..\obj\stm32f10x_spi.o
 .text.SPI_Init
                0x00000000       0x88 ..\obj\stm32f10x_spi.o
 .text.I2S_Init
                0x00000000      0x198 ..\obj\stm32f10x_spi.o
 .text.SPI_StructInit
                0x00000000       0x5c ..\obj\stm32f10x_spi.o
 .text.I2S_StructInit
                0x00000000       0x44 ..\obj\stm32f10x_spi.o
 .text.SPI_Cmd  0x00000000       0x40 ..\obj\stm32f10x_spi.o
 .text.I2S_Cmd  0x00000000       0x40 ..\obj\stm32f10x_spi.o
 .text.SPI_I2S_ITConfig
                0x00000000       0x6c ..\obj\stm32f10x_spi.o
 .text.SPI_I2S_DMACmd
                0x00000000       0x48 ..\obj\stm32f10x_spi.o
 .text.SPI_I2S_SendData
                0x00000000       0x1c ..\obj\stm32f10x_spi.o
 .text.SPI_I2S_ReceiveData
                0x00000000       0x1c ..\obj\stm32f10x_spi.o
 .text.SPI_NSSInternalSoftwareConfig
                0x00000000       0x44 ..\obj\stm32f10x_spi.o
 .text.SPI_SSOutputCmd
                0x00000000       0x40 ..\obj\stm32f10x_spi.o
 .text.SPI_DataSizeConfig
                0x00000000       0x38 ..\obj\stm32f10x_spi.o
 .text.SPI_TransmitCRC
                0x00000000       0x24 ..\obj\stm32f10x_spi.o
 .text.SPI_CalculateCRC
                0x00000000       0x40 ..\obj\stm32f10x_spi.o
 .text.SPI_GetCRC
                0x00000000       0x34 ..\obj\stm32f10x_spi.o
 .text.SPI_GetCRCPolynomial
                0x00000000       0x1c ..\obj\stm32f10x_spi.o
 .text.SPI_BiDirectionalLineConfig
                0x00000000       0x40 ..\obj\stm32f10x_spi.o
 .text.SPI_I2S_GetFlagStatus
                0x00000000       0x40 ..\obj\stm32f10x_spi.o
 .text.SPI_I2S_ClearFlag
                0x00000000       0x24 ..\obj\stm32f10x_spi.o
 .text.SPI_I2S_GetITStatus
                0x00000000       0x88 ..\obj\stm32f10x_spi.o
 .text.SPI_I2S_ClearITPendingBit
                0x00000000       0x38 ..\obj\stm32f10x_spi.o
 .text          0x00000000        0x0 ..\obj\systick.o
 .data          0x00000000        0x0 ..\obj\systick.o
 .bss           0x00000000        0x6 ..\obj\systick.o
 .text.delay_init
                0x00000000       0x64 ..\obj\systick.o
 .text.delay_us
                0x00000000       0x6c ..\obj\systick.o
 .text.delay_ms
                0x00000000       0x80 ..\obj\systick.o
 .text          0x00000000        0x0 ..\obj\stm32f10x_systick.o
 .data          0x00000000        0x0 ..\obj\stm32f10x_systick.o
 .bss           0x00000000        0x0 ..\obj\stm32f10x_systick.o
 .text.SysTick_SetReload
                0x00000000       0x20 ..\obj\stm32f10x_systick.o
 .text.SysTick_CounterCmd
                0x00000000       0x64 ..\obj\stm32f10x_systick.o
 .text.SysTick_ITConfig
                0x00000000       0x4c ..\obj\stm32f10x_systick.o
 .text.SysTick_GetCounter
                0x00000000       0x18 ..\obj\stm32f10x_systick.o
 .text.SysTick_GetFlagStatus
                0x00000000       0x74 ..\obj\stm32f10x_systick.o
 .data          0x00000000        0x0 c:/coocox/gnu_tools_arm_embedded/4.6_2012q4/bin/../lib/gcc/arm-none-eabi/4.6.2/armv7-m\libgcc.a(_arm_addsubdf3.o)
 .bss           0x00000000        0x0 c:/coocox/gnu_tools_arm_embedded/4.6_2012q4/bin/../lib/gcc/arm-none-eabi/4.6.2/armv7-m\libgcc.a(_arm_addsubdf3.o)
 .data          0x00000000        0x0 c:/coocox/gnu_tools_arm_embedded/4.6_2012q4/bin/../lib/gcc/arm-none-eabi/4.6.2/armv7-m\libgcc.a(_arm_muldivdf3.o)
 .bss           0x00000000        0x0 c:/coocox/gnu_tools_arm_embedded/4.6_2012q4/bin/../lib/gcc/arm-none-eabi/4.6.2/armv7-m\libgcc.a(_arm_muldivdf3.o)
 .data          0x00000000        0x0 c:/coocox/gnu_tools_arm_embedded/4.6_2012q4/bin/../lib/gcc/arm-none-eabi/4.6.2/armv7-m\libgcc.a(_arm_cmpdf2.o)
 .bss           0x00000000        0x0 c:/coocox/gnu_tools_arm_embedded/4.6_2012q4/bin/../lib/gcc/arm-none-eabi/4.6.2/armv7-m\libgcc.a(_arm_cmpdf2.o)
 .data          0x00000000        0x0 c:/coocox/gnu_tools_arm_embedded/4.6_2012q4/bin/../lib/gcc/arm-none-eabi/4.6.2/armv7-m\libgcc.a(_arm_fixdfsi.o)
 .bss           0x00000000        0x0 c:/coocox/gnu_tools_arm_embedded/4.6_2012q4/bin/../lib/gcc/arm-none-eabi/4.6.2/armv7-m\libgcc.a(_arm_fixdfsi.o)
 .text          0x00000000       0x40 c:/coocox/gnu_tools_arm_embedded/4.6_2012q4/bin/../lib/gcc/arm-none-eabi/4.6.2/armv7-m\libgcc.a(_arm_fixunsdfsi.o)
 .data          0x00000000        0x0 c:/coocox/gnu_tools_arm_embedded/4.6_2012q4/bin/../lib/gcc/arm-none-eabi/4.6.2/armv7-m\libgcc.a(_arm_fixunsdfsi.o)
 .bss           0x00000000        0x0 c:/coocox/gnu_tools_arm_embedded/4.6_2012q4/bin/../lib/gcc/arm-none-eabi/4.6.2/armv7-m\libgcc.a(_arm_fixunsdfsi.o)
 .text          0x00000000        0x0 c:/coocox/gnu_tools_arm_embedded/4.6_2012q4/bin/../lib/gcc/arm-none-eabi/4.6.2/../../../../arm-none-eabi/lib/armv7-m\libg.a(lib_a-memcpy.o)
 .data          0x00000000        0x0 c:/coocox/gnu_tools_arm_embedded/4.6_2012q4/bin/../lib/gcc/arm-none-eabi/4.6.2/../../../../arm-none-eabi/lib/armv7-m\libg.a(lib_a-memcpy.o)
 .bss           0x00000000        0x0 c:/coocox/gnu_tools_arm_embedded/4.6_2012q4/bin/../lib/gcc/arm-none-eabi/4.6.2/../../../../arm-none-eabi/lib/armv7-m\libg.a(lib_a-memcpy.o)
 .text.memcpy   0x00000000       0x84 c:/coocox/gnu_tools_arm_embedded/4.6_2012q4/bin/../lib/gcc/arm-none-eabi/4.6.2/../../../../arm-none-eabi/lib/armv7-m\libg.a(lib_a-memcpy.o)
 .text          0x00000000        0x0 c:/coocox/gnu_tools_arm_embedded/4.6_2012q4/bin/../lib/gcc/arm-none-eabi/4.6.2/../../../../arm-none-eabi/lib/armv7-m\libg.a(lib_a-memset.o)
 .data          0x00000000        0x0 c:/coocox/gnu_tools_arm_embedded/4.6_2012q4/bin/../lib/gcc/arm-none-eabi/4.6.2/../../../../arm-none-eabi/lib/armv7-m\libg.a(lib_a-memset.o)
 .bss           0x00000000        0x0 c:/coocox/gnu_tools_arm_embedded/4.6_2012q4/bin/../lib/gcc/arm-none-eabi/4.6.2/../../../../arm-none-eabi/lib/armv7-m\libg.a(lib_a-memset.o)

Memory Configuration

Name             Origin             Length             Attributes
rom              0x08000000         0x00040000         xr
ram              0x20000000         0x0000c000         xrw
*default*        0x00000000         0xffffffff

Linker script and memory map

                0x2000c000                _eram = 0x2000c000

.text           0x08000000     0x44c4
 *(.isr_vector)
 .isr_vector    0x08000000      0x134 ..\obj\startup_stm32f10x_hd.o
                0x08000000                g_pfnVectors
 *(.text*)
 .text.TIM_TimeBaseInit
                0x08000134      0x11c ..\obj\stm32f10x_tim.o
                0x08000134                TIM_TimeBaseInit
 .text.TIM_OC1Init
                0x08000250      0x128 ..\obj\stm32f10x_tim.o
                0x08000250                TIM_OC1Init
 .text.TIM_OC2Init
                0x08000378      0x128 ..\obj\stm32f10x_tim.o
                0x08000378                TIM_OC2Init
 .text.TIM_OC3Init
                0x080004a0      0x120 ..\obj\stm32f10x_tim.o
                0x080004a0                TIM_OC3Init
 .text.TIM_OC4Init
                0x080005c0       0xe0 ..\obj\stm32f10x_tim.o
                0x080005c0                TIM_OC4Init
 .text.TIM_TimeBaseStructInit
                0x080006a0       0x3c ..\obj\stm32f10x_tim.o
                0x080006a0                TIM_TimeBaseStructInit
 .text.TIM_OCStructInit
                0x080006dc       0x54 ..\obj\stm32f10x_tim.o
                0x080006dc                TIM_OCStructInit
 .text.TIM_Cmd  0x08000730       0x40 ..\obj\stm32f10x_tim.o
                0x08000730                TIM_Cmd
 .text.TIM_CtrlPWMOutputs
                0x08000770       0x50 ..\obj\stm32f10x_tim.o
                0x08000770                TIM_CtrlPWMOutputs
 .text.TIM_ITConfig
                0x080007c0       0x48 ..\obj\stm32f10x_tim.o
                0x080007c0                TIM_ITConfig
 .text.TIM_ARRPreloadConfig
                0x08000808       0x40 ..\obj\stm32f10x_tim.o
                0x08000808                TIM_ARRPreloadConfig
 .text.TIM_OC4PreloadConfig
                0x08000848       0x40 ..\obj\stm32f10x_tim.o
                0x08000848                TIM_OC4PreloadConfig
 .text.TIM_ClearFlag
                0x08000888       0x24 ..\obj\stm32f10x_tim.o
                0x08000888                TIM_ClearFlag
 .text.SystemInit
                0x080008ac       0xac ..\obj\system_stm32f10x.o
                0x080008ac                SystemInit
 .text.SetSysClock
                0x08000958        0xc ..\obj\system_stm32f10x.o
 .text.SetSysClockTo72
                0x08000964      0x1ac ..\obj\system_stm32f10x.o
 .text.Default_Reset_Handler
                0x08000b10       0x6c ..\obj\startup_stm32f10x_hd.o
                0x08000b10                Default_Reset_Handler
                0x08000b10                Reset_Handler
 .text.Default_Handler
                0x08000b7c        0x8 ..\obj\startup_stm32f10x_hd.o
                0x08000b7c                EXTI2_IRQHandler
                0x08000b7c                TIM8_TRG_COM_IRQHandler
                0x08000b7c                TIM8_CC_IRQHandler
                0x08000b7c                DebugMon_Handler
                0x08000b7c                TIM1_CC_IRQHandler
                0x08000b7c                HardFault_Handler
                0x08000b7c                TIM6_IRQHandler
                0x08000b7c                SysTick_Handler
                0x08000b7c                PVD_IRQHandler
                0x08000b7c                SDIO_IRQHandler
                0x08000b7c                PendSV_Handler
                0x08000b7c                NMI_Handler
                0x08000b7c                EXTI3_IRQHandler
                0x08000b7c                EXTI0_IRQHandler
                0x08000b7c                I2C2_EV_IRQHandler
                0x08000b7c                UsageFault_Handler
                0x08000b7c                ADC1_2_IRQHandler
                0x08000b7c                SPI1_IRQHandler
                0x08000b7c                TAMPER_IRQHandler
                0x08000b7c                DMA2_Channel2_IRQHandler
                0x08000b7c                DMA1_Channel4_IRQHandler
                0x08000b7c                RTC_IRQHandler
                0x08000b7c                DMA1_Channel7_IRQHandler
                0x08000b7c                CAN1_RX1_IRQHandler
                0x08000b7c                UART5_IRQHandler
                0x08000b7c                ADC3_IRQHandler
                0x08000b7c                TIM4_IRQHandler
                0x08000b7c                DMA2_Channel1_IRQHandler
                0x08000b7c                I2C1_EV_IRQHandler
                0x08000b7c                DMA1_Channel6_IRQHandler
                0x08000b7c                UART4_IRQHandler
                0x08000b7c                TIM3_IRQHandler
                0x08000b7c                RCC_IRQHandler
                0x08000b7c                TIM1_TRG_COM_IRQHandler
                0x08000b7c                DMA1_Channel1_IRQHandler
                0x08000b7c                EXTI15_10_IRQHandler
                0x08000b7c                TIM7_IRQHandler
                0x08000b7c                TIM5_IRQHandler
                0x08000b7c                SPI2_IRQHandler
                0x08000b7c                MemManage_Handler
                0x08000b7c                SVC_Handler
                0x08000b7c                DMA1_Channel5_IRQHandler
                0x08000b7c                EXTI4_IRQHandler
                0x08000b7c                USB_LP_CAN1_RX0_IRQHandler
                0x08000b7c                USB_HP_CAN1_TX_IRQHandler
                0x08000b7c                DMA1_Channel3_IRQHandler
                0x08000b7c                FSMC_IRQHandler
                0x08000b7c                WWDG_IRQHandler
                0x08000b7c                TIM1_BRK_IRQHandler
                0x08000b7c                EXTI1_IRQHandler
                0x08000b7c                RTCAlarm_IRQHandler
                0x08000b7c                DMA2_Channel4_5_IRQHandler
                0x08000b7c                USART2_IRQHandler
                0x08000b7c                I2C2_ER_IRQHandler
                0x08000b7c                DMA1_Channel2_IRQHandler
                0x08000b7c                TIM8_BRK_IRQHandler
                0x08000b7c                CAN1_SCE_IRQHandler
                0x08000b7c                FLASH_IRQHandler
                0x08000b7c                BusFault_Handler
                0x08000b7c                USART1_IRQHandler
                0x08000b7c                SPI3_IRQHandler
                0x08000b7c                I2C1_ER_IRQHandler
                0x08000b7c                USBWakeUp_IRQHandler
                0x08000b7c                DMA2_Channel3_IRQHandler
 .text.InitTimer8
                0x08000b84       0xc8 ..\obj\init_ir.o
                0x08000b84                InitTimer8
 .text.TIM8_UP_IRQHandler
                0x08000c4c       0x64 ..\obj\init_ir.o
                0x08000c4c                TIM8_UP_IRQHandler
 .text.init_EXTI
                0x08000cb0       0xa8 ..\obj\init_ir.o
                0x08000cb0                init_EXTI
 .text.EXTI9_5_IRQHandler
                0x08000d58       0xa0 ..\obj\init_ir.o
                0x08000d58                EXTI9_5_IRQHandler
 .text.Get8     0x08000df8       0x98 ..\obj\init_ir.o
                0x08000df8                Get8
 .text.IrReceive
                0x08000e90      0x108 ..\obj\init_ir.o
                0x08000e90                IrReceive
 .text.IrControl
                0x08000f98       0x54 ..\obj\init_ir.o
                0x08000f98                IrControl
 .text.GPIO_Init
                0x08000fec      0x1b0 ..\obj\stm32f10x_gpio.o
                0x08000fec                GPIO_Init
 .text.GPIO_EXTILineConfig
                0x0800119c       0xb4 ..\obj\stm32f10x_gpio.o
                0x0800119c                GPIO_EXTILineConfig
 .text.main     0x08001250      0x3f4 ..\obj\main.o
                0x08001250                main
 .text.InitTurbine
                0x08001644      0x154 ..\obj\init_pwm.o
                0x08001644                InitTurbine
 .text.RCC_ADCCLKConfig
                0x08001798       0x40 ..\obj\stm32f10x_rcc.o
                0x08001798                RCC_ADCCLKConfig
 .text.RCC_AHBPeriphClockCmd
                0x080017d8       0x58 ..\obj\stm32f10x_rcc.o
                0x080017d8                RCC_AHBPeriphClockCmd
 .text.RCC_APB2PeriphClockCmd
                0x08001830       0x58 ..\obj\stm32f10x_rcc.o
                0x08001830                RCC_APB2PeriphClockCmd
 .text.RCC_APB1PeriphClockCmd
                0x08001888       0x58 ..\obj\stm32f10x_rcc.o
                0x08001888                RCC_APB1PeriphClockCmd
 .text.ReadSensors
                0x080018e0       0x74 ..\obj\functions.o
                0x080018e0                ReadSensors
 *fill*         0x08001954        0x4 00
 .text.CountErr
                0x08001958      0x208 ..\obj\functions.o
                0x08001958                CountErr
 .text.CountAdjustment
                0x08001b60       0x84 ..\obj\functions.o
                0x08001b60                CountAdjustment
 *fill*         0x08001be4        0x4 00
 .text.MotorsControl
                0x08001be8      0x540 ..\obj\functions.o
                0x08001be8                MotorsControl
 .text.Calibrate
                0x08002128       0xbc ..\obj\functions.o
                0x08002128                Calibrate
 .text.USART3_IRQHandler
                0x080021e4      0x10c ..\obj\functions.o
                0x080021e4                USART3_IRQHandler
 .text.LedSendConfirm
                0x080022f0       0x74 ..\obj\functions.o
                0x080022f0                LedSendConfirm
 *fill*         0x08002364        0x4 00
 .text.CheckBattery
                0x08002368       0x68 ..\obj\functions.o
                0x08002368                CheckBattery
 .text.EXTI_Init
                0x080023d0      0x144 ..\obj\stm32f10x_exti.o
                0x080023d0                EXTI_Init
 .text.EXTI_ClearITPendingBit
                0x08002514       0x20 ..\obj\stm32f10x_exti.o
                0x08002514                EXTI_ClearITPendingBit
 .text.ADC_Init
                0x08002534       0xb0 ..\obj\stm32f10x_adc.o
                0x08002534                ADC_Init
 .text.ADC_Cmd  0x080025e4       0x38 ..\obj\stm32f10x_adc.o
                0x080025e4                ADC_Cmd
 .text.ADC_DMACmd
                0x0800261c       0x38 ..\obj\stm32f10x_adc.o
                0x0800261c                ADC_DMACmd
 .text.ADC_ResetCalibration
                0x08002654       0x20 ..\obj\stm32f10x_adc.o
                0x08002654                ADC_ResetCalibration
 .text.ADC_GetResetCalibrationStatus
                0x08002674       0x38 ..\obj\stm32f10x_adc.o
                0x08002674                ADC_GetResetCalibrationStatus
 .text.ADC_StartCalibration
                0x080026ac       0x20 ..\obj\stm32f10x_adc.o
                0x080026ac                ADC_StartCalibration
 .text.ADC_GetCalibrationStatus
                0x080026cc       0x38 ..\obj\stm32f10x_adc.o
                0x080026cc                ADC_GetCalibrationStatus
 .text.ADC_SoftwareStartConvCmd
                0x08002704       0x38 ..\obj\stm32f10x_adc.o
                0x08002704                ADC_SoftwareStartConvCmd
 .text.ADC_RegularChannelConfig
                0x0800273c      0x1bc ..\obj\stm32f10x_adc.o
                0x0800273c                ADC_RegularChannelConfig
 .text.InitADC  0x080028f8      0x350 ..\obj\init_ADC.o
                0x080028f8                InitADC
 .text.EE_Rewrite
                0x08002c48      0x120 ..\obj\ee_ram.o
                0x08002c48                EE_Rewrite
 .text.EE_GetActivePageAddr
                0x08002d68      0x10c ..\obj\ee_ram.o
                0x08002d68                EE_GetActivePageAddr
 .text.EE_Read  0x08002e74       0x6c ..\obj\ee_ram.o
                0x08002e74                EE_Read
 .text.EE_Init  0x08002ee0       0x70 ..\obj\ee_ram.o
                0x08002ee0                EE_Init
 .text.FLASH_Unlock
                0x08002f50       0x30 ..\obj\stm32f10x_flash.o
                0x08002f50                FLASH_Unlock
 .text.FLASH_Lock
                0x08002f80       0x24 ..\obj\stm32f10x_flash.o
                0x08002f80                FLASH_Lock
 .text.FLASH_ErasePage
                0x08002fa4       0x90 ..\obj\stm32f10x_flash.o
                0x08002fa4                FLASH_ErasePage
 .text.FLASH_ProgramHalfWord
                0x08003034       0x78 ..\obj\stm32f10x_flash.o
                0x08003034                FLASH_ProgramHalfWord
 .text.FLASH_GetBank1Status
                0x080030ac       0x70 ..\obj\stm32f10x_flash.o
                0x080030ac                FLASH_GetBank1Status
 .text.FLASH_WaitForLastOperation
                0x0800311c       0x4c ..\obj\stm32f10x_flash.o
                0x0800311c                FLASH_WaitForLastOperation
 .text.MotorDelay
                0x08003168       0x28 ..\obj\pwm_nasz_regulator.o
                0x08003168                MotorDelay
 .text.MotorP   0x08003190      0x190 ..\obj\pwm_nasz_regulator.o
                0x08003190                MotorP
 .text.MotorL   0x08003320      0x188 ..\obj\pwm_nasz_regulator.o
                0x08003320                MotorL
 .text.InitMotors
                0x080034a8      0x200 ..\obj\pwm_nasz_regulator.o
                0x080034a8                InitMotors
 .text.TIM2_IRQHandler
                0x080036a8      0x170 ..\obj\pwm_nasz_regulator.o
                0x080036a8                TIM2_IRQHandler
 .text.DMA_Init
                0x08003818       0x80 ..\obj\stm32f10x_dma.o
                0x08003818                DMA_Init
 .text.DMA_Cmd  0x08003898       0x3c ..\obj\stm32f10x_dma.o
                0x08003898                DMA_Cmd
 .text.NVIC_PriorityGroupConfig
                0x080038d4       0x28 ..\obj\misc.o
                0x080038d4                NVIC_PriorityGroupConfig
 .text.NVIC_Init
                0x080038fc       0xe8 ..\obj\misc.o
                0x080038fc                NVIC_Init
 .text.InitTimer1
                0x080039e4       0xe4 ..\obj\init_timer.o
                0x080039e4                InitTimer1
 .text.TIM1_UP_IRQHandler
                0x08003ac8       0x30 ..\obj\init_timer.o
                0x08003ac8                TIM1_UP_IRQHandler
 .text.InitLED  0x08003af8       0x40 ..\obj\init_input.o
                0x08003af8                InitLED
 .text          0x08003b38      0x370 c:/coocox/gnu_tools_arm_embedded/4.6_2012q4/bin/../lib/gcc/arm-none-eabi/4.6.2/armv7-m\libgcc.a(_arm_addsubdf3.o)
                0x08003b38                __aeabi_drsub
                0x08003b40                __aeabi_dsub
                0x08003b40                __subdf3
                0x08003b44                __aeabi_dadd
                0x08003b44                __adddf3
                0x08003dbc                __floatunsidf
                0x08003dbc                __aeabi_ui2d
                0x08003ddc                __floatsidf
                0x08003ddc                __aeabi_i2d
                0x08003e00                __aeabi_f2d
                0x08003e00                __extendsfdf2
                0x08003e3c                __floatundidf
                0x08003e3c                __aeabi_ul2d
                0x08003e4c                __floatdidf
                0x08003e4c                __aeabi_l2d
 .text          0x08003ea8      0x424 c:/coocox/gnu_tools_arm_embedded/4.6_2012q4/bin/../lib/gcc/arm-none-eabi/4.6.2/armv7-m\libgcc.a(_arm_muldivdf3.o)
                0x08003ea8                __aeabi_dmul
                0x08003ea8                __muldf3
                0x080040fc                __divdf3
                0x080040fc                __aeabi_ddiv
 .text          0x080042cc      0x110 c:/coocox/gnu_tools_arm_embedded/4.6_2012q4/bin/../lib/gcc/arm-none-eabi/4.6.2/armv7-m\libgcc.a(_arm_cmpdf2.o)
                0x080042cc                __gtdf2
                0x080042cc                __gedf2
                0x080042d4                __ltdf2
                0x080042d4                __ledf2
                0x080042dc                __nedf2
                0x080042dc                __eqdf2
                0x080042dc                __cmpdf2
                0x08004358                __aeabi_cdrcmple
                0x08004368                __aeabi_cdcmpeq
                0x08004368                __aeabi_cdcmple
                0x08004378                __aeabi_dcmpeq
                0x0800438c                __aeabi_dcmplt
                0x080043a0                __aeabi_dcmple
                0x080043b4                __aeabi_dcmpge
                0x080043c8                __aeabi_dcmpgt
 .text          0x080043dc       0x50 c:/coocox/gnu_tools_arm_embedded/4.6_2012q4/bin/../lib/gcc/arm-none-eabi/4.6.2/armv7-m\libgcc.a(_arm_fixdfsi.o)
                0x080043dc                __aeabi_d2iz
                0x080043dc                __fixdfsi
 .text.memset   0x0800442c       0x90 c:/coocox/gnu_tools_arm_embedded/4.6_2012q4/bin/../lib/gcc/arm-none-eabi/4.6.2/../../../../arm-none-eabi/lib/armv7-m\libg.a(lib_a-memset.o)
                0x0800442c                memset
 *(.init)
 *(.fini)
 *crtbegin.o(.ctors)
 *crtbegin?.o(.ctors)
 *(EXCLUDE_FILE(*crtend.o *crtend?.o) .ctors)
 *(SORT(.ctors.*))
 *(.ctors)
 *crtbegin.o(.dtors)
 *crtbegin?.o(.dtors)
 *(EXCLUDE_FILE(*crtend.o *crtend?.o) .dtors)
 *(SORT(.dtors.*))
 *(.dtors)
 *(.rodata*)
 .rodata        0x080044bc        0x8 ..\obj\main.o
                0x080044bc                MAX_IR
                0x080044c0                IRREADY
 *(.eh_fram e*)

.glue_7         0x080044c4        0x0
 .glue_7        0x00000000        0x0 linker stubs

.glue_7t        0x080044c4        0x0
 .glue_7t       0x00000000        0x0 linker stubs

.vfp11_veneer   0x080044c4        0x0
 .vfp11_veneer  0x00000000        0x0 linker stubs

.v4_bx          0x080044c4        0x0
 .v4_bx         0x00000000        0x0 linker stubs

.ARM.extab
 *(.ARM.extab* .gnu.linkonce.armextab.*)
                0x080044c4                __exidx_start = .

.ARM.exidx
 *(.ARM.exidx* .gnu.linkonce.armexidx.*)
                0x080044c4                __exidx_end = .
                0x080044c4                __etext = .
                0x080044c4                _sidata = __etext

.data           0x20000000       0xb0 load address 0x080044c4
                0x20000000                __data_start__ = .
                0x20000000                _sdata = __data_start__
 *(vtable)
 *(.data*)
 .data          0x20000000       0x90 ..\obj\main.o
                0x20000000                led_on_time
                0x20000004                weight
                0x2000003c                Kp
                0x20000040                Kd
                0x20000044                Kl
                0x20000048                force_prescaler
                0x20000050                turbine_power
                0x20000054                border
                0x20000058                Tp
                0x2000005c                speed_err
                0x20000060                id_Kp
                0x20000064                id_Ki
                0x20000068                id_Kd
                0x2000006c                id_Kl
                0x20000070                id_force_prescaler
                0x20000074                id_turbine_power
                0x20000078                id_border
                0x2000007c                id_weight
                0x20000080                id_mem
                0x20000084                prev_err
                0x20000088                turbine_stop
                0x2000008c                mem
 .data          0x20000090       0x20 ..\obj\init_ADC.o
                0x20000090                ADCBuffer
                0x200000b0                . = ALIGN (0x4)
                0x200000b0                PROVIDE (__preinit_array_start, .)
 *(.preinit_array)
                0x200000b0                PROVIDE (__preinit_array_end, .)
                0x200000b0                . = ALIGN (0x4)
                0x200000b0                PROVIDE (__init_array_start, .)
 *(SORT(.init_array.*))
 *(.init_array)
                0x200000b0                PROVIDE (__init_array_end, .)
                0x200000b0                . = ALIGN (0x4)
                0x200000b0                PROVIDE (__fini_array_start, .)
 *(SORT(.fini_array.*))
 *(.fini_array)
                0x200000b0                PROVIDE (__fini_array_end, .)
 *(.jcr*)
                0x200000b0                . = ALIGN (0x4)
                0x200000b0                __data_end__ = .
                0x200000b0                _edata = __data_end__

.bss            0x200000b0      0x618 load address 0x08004578
                0x200000b0                . = ALIGN (0x4)
                0x200000b0                __bss_start__ = .
                0x200000b0                _sbss = __bss_start__
 *(.bss*)
 .bss           0x200000b0       0x50 ..\obj\main.o
                0x200000b0                led_on
                0x200000b4                Ki
                0x200000b8                err
                0x200000c0                err_i
                0x200000c8                err_d
                0x200000d0                number
                0x200000d4                adjustment
                0x200000d8                remote_control
                0x200000dc                lost
                0x200000e0                prev_lost
                0x200000e4                cycle
                0x200000e8                prev_time
                0x200000f0                iridx
                0x200000f4                ir_addr
                0x200000f8                ir_data
                0x200000fc                ir_valid
 .bss           0x20000100        0x8 ..\obj\functions.o
                0x20000100                ids
                0x20000101                idr
                0x20000104                send
 *(COMMON)
 COMMON         0x20000108      0x4c0 ..\obj\main.o
                0x20000108                memory
                0x20000508                irbuf
                0x20000590                sensor
 COMMON         0x200005c8      0x100 ..\obj\functions.o
                0x200005c8                tbl
                0x200006c8                . = ALIGN (0x4)
                0x200006c8                __bss_end__ = .
                0x200006c8                _ebss = __bss_end__

.heap           0x200006c8        0x0
                0x200006c8                __end__ = .
                0x200006c8                _end = __end__
                0x200006c8                end = __end__
 *(.heap*)
                0x200006c8                __HeapLimit = .

.co_stack       0x200006c8      0x400 load address 0x08004b90
                0x200006c8                . = ALIGN (0x8)
 *(.co_stack .co_stack.*)
 .co_stack      0x200006c8      0x400 ..\obj\startup_stm32f10x_hd.o
                0x200006c8                pulStack
                0x2000c000                __StackTop = (ORIGIN (ram) + 0xc000)
                0x2000bc00                __StackLimit = (__StackTop - SIZEOF (.co_stack))
                0x2000c000                PROVIDE (__stack, __StackTop)
                0x00000001                ASSERT ((__StackLimit >= __HeapLimit), region ram  overflowed with stack)
LOAD ..\obj\stm32f10x_tim.o
LOAD ..\obj\core_cm3.o
LOAD ..\obj\system_stm32f10x.o
LOAD ..\obj\startup_stm32f10x_hd.o
LOAD ..\obj\stm32f10x_fsmc.o
LOAD ..\obj\stm32f10x_pwr.o
LOAD ..\obj\init_ir.o
LOAD ..\obj\HzLib.o
LOAD ..\obj\stm32f10x_gpio.o
LOAD ..\obj\main.o
LOAD ..\obj\init_usart.o
LOAD ..\obj\init_pwm.o
LOAD ..\obj\TouchPanel.o
LOAD ..\obj\AsciiLib.o
LOAD ..\obj\stm32f10x_rcc.o
LOAD ..\obj\functions.o
LOAD ..\obj\stm32f10x_exti.o
LOAD ..\obj\stm32f10x_adc.o
LOAD ..\obj\stm32f10x_usart.o
LOAD ..\obj\init_ADC.o
LOAD ..\obj\ee_ram.o
LOAD ..\obj\syscalls.o
LOAD ..\obj\stm32f10x_flash.o
LOAD ..\obj\pwm_nasz_regulator.o
LOAD ..\obj\stm32f10x_dma.o
LOAD ..\obj\GLCD.o
LOAD ..\obj\misc.o
LOAD ..\obj\init_timer.o
LOAD ..\obj\init_input.o
LOAD ..\obj\stm32f10x_spi.o
LOAD ..\obj\systick.o
LOAD ..\obj\stm32f10x_systick.o
START GROUP
LOAD c:/coocox/gnu_tools_arm_embedded/4.6_2012q4/bin/../lib/gcc/arm-none-eabi/4.6.2/armv7-m\libgcc.a
LOAD c:/coocox/gnu_tools_arm_embedded/4.6_2012q4/bin/../lib/gcc/arm-none-eabi/4.6.2/../../../../arm-none-eabi/lib/armv7-m\libg.a
LOAD c:/coocox/gnu_tools_arm_embedded/4.6_2012q4/bin/../lib/gcc/arm-none-eabi/4.6.2/../../../../arm-none-eabi/lib/armv7-m\libc.a
END GROUP
OUTPUT(Impala_KB.elf elf32-littlearm)

.debug_info     0x00000000     0xec07
 .debug_info    0x00000000     0x1e18 ..\obj\stm32f10x_tim.o
 .debug_info    0x00001e18      0x548 ..\obj\core_cm3.o
 .debug_info    0x00002360      0x4a0 ..\obj\system_stm32f10x.o
 .debug_info    0x00002800      0x143 ..\obj\startup_stm32f10x_hd.o
 .debug_info    0x00002943      0x999 ..\obj\stm32f10x_fsmc.o
 .debug_info    0x000032dc      0x45b ..\obj\stm32f10x_pwr.o
 .debug_info    0x00003737      0xa45 ..\obj\init_ir.o
 .debug_info    0x0000417c       0xfb ..\obj\HzLib.o
 .debug_info    0x00004277      0x723 ..\obj\stm32f10x_gpio.o
 .debug_info    0x0000499a      0x79c ..\obj\main.o
 .debug_info    0x00005136      0x585 ..\obj\init_usart.o
 .debug_info    0x000056bb      0x5cd ..\obj\init_pwm.o
 .debug_info    0x00005c88      0xa36 ..\obj\TouchPanel.o
 .debug_info    0x000066be      0x11f ..\obj\AsciiLib.o
 .debug_info    0x000067dd      0x901 ..\obj\stm32f10x_rcc.o
 .debug_info    0x000070de      0x9b3 ..\obj\functions.o
 .debug_info    0x00007a91      0x361 ..\obj\stm32f10x_exti.o
 .debug_info    0x00007df2      0xc0e ..\obj\stm32f10x_adc.o
 .debug_info    0x00008a00      0xa6c ..\obj\stm32f10x_usart.o
 .debug_info    0x0000946c      0x523 ..\obj\init_ADC.o
 .debug_info    0x0000998f      0x36b ..\obj\ee_ram.o
 .debug_info    0x00009cfa      0x440 ..\obj\syscalls.o
 .debug_info    0x0000a13a      0x819 ..\obj\stm32f10x_flash.o
 .debug_info    0x0000a953      0x8c4 ..\obj\pwm_nasz_regulator.o
 .debug_info    0x0000b217      0x4a2 ..\obj\stm32f10x_dma.o
 .debug_info    0x0000b6b9     0x196b ..\obj\GLCD.o
 .debug_info    0x0000d024      0x546 ..\obj\misc.o
 .debug_info    0x0000d56a      0x65d ..\obj\init_timer.o
 .debug_info    0x0000dbc7      0x289 ..\obj\init_input.o
 .debug_info    0x0000de50      0x971 ..\obj\stm32f10x_spi.o
 .debug_info    0x0000e7c1      0x205 ..\obj\systick.o
 .debug_info    0x0000e9c6      0x241 ..\obj\stm32f10x_systick.o

.debug_abbrev   0x00000000     0x289f
 .debug_abbrev  0x00000000      0x172 ..\obj\stm32f10x_tim.o
 .debug_abbrev  0x00000172       0xd5 ..\obj\core_cm3.o
 .debug_abbrev  0x00000247      0x17e ..\obj\system_stm32f10x.o
 .debug_abbrev  0x000003c5       0xa3 ..\obj\startup_stm32f10x_hd.o
 .debug_abbrev  0x00000468      0x166 ..\obj\stm32f10x_fsmc.o
 .debug_abbrev  0x000005ce      0x184 ..\obj\stm32f10x_pwr.o
 .debug_abbrev  0x00000752      0x184 ..\obj\init_ir.o
 .debug_abbrev  0x000008d6       0xa8 ..\obj\HzLib.o
 .debug_abbrev  0x0000097e      0x1a4 ..\obj\stm32f10x_gpio.o
 .debug_abbrev  0x00000b22      0x10e ..\obj\main.o
 .debug_abbrev  0x00000c30       0xfb ..\obj\init_usart.o
 .debug_abbrev  0x00000d2b       0xfd ..\obj\init_pwm.o
 .debug_abbrev  0x00000e28      0x237 ..\obj\TouchPanel.o
 .debug_abbrev  0x0000105f       0xa3 ..\obj\AsciiLib.o
 .debug_abbrev  0x00001102      0x191 ..\obj\stm32f10x_rcc.o
 .debug_abbrev  0x00001293      0x1d0 ..\obj\functions.o
 .debug_abbrev  0x00001463      0x14a ..\obj\stm32f10x_exti.o
 .debug_abbrev  0x000015ad      0x174 ..\obj\stm32f10x_adc.o
 .debug_abbrev  0x00001721      0x15b ..\obj\stm32f10x_usart.o
 .debug_abbrev  0x0000187c      0x120 ..\obj\init_ADC.o
 .debug_abbrev  0x0000199c      0x10d ..\obj\ee_ram.o
 .debug_abbrev  0x00001aa9       0xde ..\obj\syscalls.o
 .debug_abbrev  0x00001b87      0x162 ..\obj\stm32f10x_flash.o
 .debug_abbrev  0x00001ce9      0x167 ..\obj\pwm_nasz_regulator.o
 .debug_abbrev  0x00001e50      0x14e ..\obj\stm32f10x_dma.o
 .debug_abbrev  0x00001f9e      0x231 ..\obj\GLCD.o
 .debug_abbrev  0x000021cf      0x135 ..\obj\misc.o
 .debug_abbrev  0x00002304      0x138 ..\obj\init_timer.o
 .debug_abbrev  0x0000243c       0xff ..\obj\init_input.o
 .debug_abbrev  0x0000253b      0x15d ..\obj\stm32f10x_spi.o
 .debug_abbrev  0x00002698       0xd9 ..\obj\systick.o
 .debug_abbrev  0x00002771      0x12e ..\obj\stm32f10x_systick.o

.debug_loc      0x00000000     0x626e
 .debug_loc     0x00000000     0x13e8 ..\obj\stm32f10x_tim.o
 .debug_loc     0x000013e8      0x3f0 ..\obj\core_cm3.o
 .debug_loc     0x000017d8       0xc8 ..\obj\system_stm32f10x.o
 .debug_loc     0x000018a0       0x64 ..\obj\startup_stm32f10x_hd.o
 .debug_loc     0x00001904      0x41c ..\obj\stm32f10x_fsmc.o
 .debug_loc     0x00001d20      0x238 ..\obj\stm32f10x_pwr.o
 .debug_loc     0x00001f58      0x164 ..\obj\init_ir.o
 .debug_loc     0x000020bc       0x38 ..\obj\HzLib.o
 .debug_loc     0x000020f4      0x3e4 ..\obj\stm32f10x_gpio.o
 .debug_loc     0x000024d8       0x38 ..\obj\main.o
 .debug_loc     0x00002510       0x38 ..\obj\init_usart.o
 .debug_loc     0x00002548       0x38 ..\obj\init_pwm.o
 .debug_loc     0x00002580      0x3bc ..\obj\TouchPanel.o
 .debug_loc     0x0000293c       0x38 ..\obj\AsciiLib.o
 .debug_loc     0x00002974      0x6dc ..\obj\stm32f10x_rcc.o
 .debug_loc     0x00003050      0x270 ..\obj\functions.o
 .debug_loc     0x000032c0      0x1b4 ..\obj\stm32f10x_exti.o
 .debug_loc     0x00003474      0x7d4 ..\obj\stm32f10x_adc.o
 .debug_loc     0x00003c48      0x658 ..\obj\stm32f10x_usart.o
 .debug_loc     0x000042a0       0x3a ..\obj\init_ADC.o
 .debug_loc     0x000042da      0x18a ..\obj\ee_ram.o
 .debug_loc     0x00004464      0x1ec ..\obj\syscalls.o
 .debug_loc     0x00004650      0x5d8 ..\obj\stm32f10x_flash.o
 .debug_loc     0x00004c28      0x10c ..\obj\pwm_nasz_regulator.o
 .debug_loc     0x00004d34      0x268 ..\obj\stm32f10x_dma.o
 .debug_loc     0x00004f9c      0xa2a ..\obj\GLCD.o
 .debug_loc     0x000059c6      0x118 ..\obj\misc.o
 .debug_loc     0x00005ade       0x64 ..\obj\init_timer.o
 .debug_loc     0x00005b42       0x70 ..\obj\init_input.o
 .debug_loc     0x00005bb2      0x508 ..\obj\stm32f10x_spi.o
 .debug_loc     0x000060ba       0xa8 ..\obj\systick.o
 .debug_loc     0x00006162      0x10c ..\obj\stm32f10x_systick.o

.debug_aranges  0x00000000     0x1168
 .debug_aranges
                0x00000000      0x2f0 ..\obj\stm32f10x_tim.o
 .debug_aranges
                0x000002f0       0xc8 ..\obj\core_cm3.o
 .debug_aranges
                0x000003b8       0x38 ..\obj\system_stm32f10x.o
 .debug_aranges
                0x000003f0       0x28 ..\obj\startup_stm32f10x_hd.o
 .debug_aranges
                0x00000418       0xb0 ..\obj\stm32f10x_fsmc.o
 .debug_aranges
                0x000004c8       0x70 ..\obj\stm32f10x_pwr.o
 .debug_aranges
                0x00000538       0x50 ..\obj\init_ir.o
 .debug_aranges
                0x00000588       0x20 ..\obj\HzLib.o
 .debug_aranges
                0x000005a8       0xa8 ..\obj\stm32f10x_gpio.o
 .debug_aranges
                0x00000650       0x20 ..\obj\main.o
 .debug_aranges
                0x00000670       0x20 ..\obj\init_usart.o
 .debug_aranges
                0x00000690       0x20 ..\obj\init_pwm.o
 .debug_aranges
                0x000006b0       0xa0 ..\obj\TouchPanel.o
 .debug_aranges
                0x00000750       0x20 ..\obj\AsciiLib.o
 .debug_aranges
                0x00000770      0x118 ..\obj\stm32f10x_rcc.o
 .debug_aranges
                0x00000888       0x78 ..\obj\functions.o
 .debug_aranges
                0x00000900       0x58 ..\obj\stm32f10x_exti.o
 .debug_aranges
                0x00000958      0x138 ..\obj\stm32f10x_adc.o
 .debug_aranges
                0x00000a90      0x100 ..\obj\stm32f10x_usart.o
 .debug_aranges
                0x00000b90       0x20 ..\obj\init_ADC.o
 .debug_aranges
                0x00000bb0       0x50 ..\obj\ee_ram.o
 .debug_aranges
                0x00000c00       0x60 ..\obj\syscalls.o
 .debug_aranges
                0x00000c60       0xf8 ..\obj\stm32f10x_flash.o
 .debug_aranges
                0x00000d58       0x40 ..\obj\pwm_nasz_regulator.o
 .debug_aranges
                0x00000d98       0x70 ..\obj\stm32f10x_dma.o
 .debug_aranges
                0x00000e08      0x190 ..\obj\GLCD.o
 .debug_aranges
                0x00000f98       0x40 ..\obj\misc.o
 .debug_aranges
                0x00000fd8       0x28 ..\obj\init_timer.o
 .debug_aranges
                0x00001000       0x28 ..\obj\init_input.o
 .debug_aranges
                0x00001028       0xd0 ..\obj\stm32f10x_spi.o
 .debug_aranges
                0x000010f8       0x30 ..\obj\systick.o
 .debug_aranges
                0x00001128       0x40 ..\obj\stm32f10x_systick.o

.debug_ranges   0x00000000      0xf68
 .debug_ranges  0x00000000      0x2e0 ..\obj\stm32f10x_tim.o
 .debug_ranges  0x000002e0       0xb8 ..\obj\core_cm3.o
 .debug_ranges  0x00000398       0x28 ..\obj\system_stm32f10x.o
 .debug_ranges  0x000003c0       0x18 ..\obj\startup_stm32f10x_hd.o
 .debug_ranges  0x000003d8       0xa0 ..\obj\stm32f10x_fsmc.o
 .debug_ranges  0x00000478       0x60 ..\obj\stm32f10x_pwr.o
 .debug_ranges  0x000004d8       0x40 ..\obj\init_ir.o
 .debug_ranges  0x00000518       0x10 ..\obj\HzLib.o
 .debug_ranges  0x00000528       0x98 ..\obj\stm32f10x_gpio.o
 .debug_ranges  0x000005c0       0x10 ..\obj\main.o
 .debug_ranges  0x000005d0       0x10 ..\obj\init_usart.o
 .debug_ranges  0x000005e0       0x10 ..\obj\init_pwm.o
 .debug_ranges  0x000005f0       0x90 ..\obj\TouchPanel.o
 .debug_ranges  0x00000680       0x10 ..\obj\AsciiLib.o
 .debug_ranges  0x00000690      0x108 ..\obj\stm32f10x_rcc.o
 .debug_ranges  0x00000798       0x68 ..\obj\functions.o
 .debug_ranges  0x00000800       0x48 ..\obj\stm32f10x_exti.o
 .debug_ranges  0x00000848      0x128 ..\obj\stm32f10x_adc.o
 .debug_ranges  0x00000970       0xf0 ..\obj\stm32f10x_usart.o
 .debug_ranges  0x00000a60       0x10 ..\obj\init_ADC.o
 .debug_ranges  0x00000a70       0x40 ..\obj\ee_ram.o
 .debug_ranges  0x00000ab0       0x50 ..\obj\syscalls.o
 .debug_ranges  0x00000b00       0xe8 ..\obj\stm32f10x_flash.o
 .debug_ranges  0x00000be8       0x30 ..\obj\pwm_nasz_regulator.o
 .debug_ranges  0x00000c18       0x60 ..\obj\stm32f10x_dma.o
 .debug_ranges  0x00000c78      0x180 ..\obj\GLCD.o
 .debug_ranges  0x00000df8       0x30 ..\obj\misc.o
 .debug_ranges  0x00000e28       0x18 ..\obj\init_timer.o
 .debug_ranges  0x00000e40       0x18 ..\obj\init_input.o
 .debug_ranges  0x00000e58       0xc0 ..\obj\stm32f10x_spi.o
 .debug_ranges  0x00000f18       0x20 ..\obj\systick.o
 .debug_ranges  0x00000f38       0x30 ..\obj\stm32f10x_systick.o

.debug_line     0x00000000     0x6b64
 .debug_line    0x00000000      0xa8d ..\obj\stm32f10x_tim.o
 .debug_line    0x00000a8d      0x295 ..\obj\core_cm3.o
 .debug_line    0x00000d22      0x24c ..\obj\system_stm32f10x.o
 .debug_line    0x00000f6e       0xb4 ..\obj\startup_stm32f10x_hd.o
 .debug_line    0x00001022      0x450 ..\obj\stm32f10x_fsmc.o
 .debug_line    0x00001472      0x277 ..\obj\stm32f10x_pwr.o
 .debug_line    0x000016e9      0x354 ..\obj\init_ir.o
 .debug_line    0x00001a3d       0x7a ..\obj\HzLib.o
 .debug_line    0x00001ab7      0x3a7 ..\obj\stm32f10x_gpio.o
 .debug_line    0x00001e5e      0x283 ..\obj\main.o
 .debug_line    0x000020e1      0x21e ..\obj\init_usart.o
 .debug_line    0x000022ff      0x259 ..\obj\init_pwm.o
 .debug_line    0x00002558      0x547 ..\obj\TouchPanel.o
 .debug_line    0x00002a9f       0xc8 ..\obj\AsciiLib.o
 .debug_line    0x00002b67      0x4b5 ..\obj\stm32f10x_rcc.o
 .debug_line    0x0000301c      0x3c0 ..\obj\functions.o
 .debug_line    0x000033dc      0x29c ..\obj\stm32f10x_exti.o
 .debug_line    0x00003678      0x51b ..\obj\stm32f10x_adc.o
 .debug_line    0x00003b93      0x493 ..\obj\stm32f10x_usart.o
 .debug_line    0x00004026      0x252 ..\obj\init_ADC.o
 .debug_line    0x00004278      0x23d ..\obj\ee_ram.o
 .debug_line    0x000044b5      0x1a4 ..\obj\syscalls.o
 .debug_line    0x00004659      0x4d1 ..\obj\stm32f10x_flash.o
 .debug_line    0x00004b2a      0x33a ..\obj\pwm_nasz_regulator.o
 .debug_line    0x00004e64      0x2fb ..\obj\stm32f10x_dma.o
 .debug_line    0x0000515f      0xae7 ..\obj\GLCD.o
 .debug_line    0x00005c46      0x23c ..\obj\misc.o
 .debug_line    0x00005e82      0x25a ..\obj\init_timer.o
 .debug_line    0x000060dc      0x24c ..\obj\init_input.o
 .debug_line    0x00006328      0x41a ..\obj\stm32f10x_spi.o
 .debug_line    0x00006742      0x22f ..\obj\systick.o
 .debug_line    0x00006971      0x1f3 ..\obj\stm32f10x_systick.o

.debug_str      0x00000000     0x499f
 .debug_str     0x00000000      0xcde ..\obj\stm32f10x_tim.o
                                0xd89 (size before relaxing)
 .debug_str     0x00000cde      0x174 ..\obj\core_cm3.o
                                0x278 (size before relaxing)
 .debug_str     0x00000e52      0x179 ..\obj\system_stm32f10x.o
                                0x28b (size before relaxing)
 .debug_str     0x00000fcb       0xc2 ..\obj\startup_stm32f10x_hd.o
                                0x12a (size before relaxing)
 .debug_str     0x0000108d      0x5dc ..\obj\stm32f10x_fsmc.o
                                0x730 (size before relaxing)
 .debug_str     0x00001669      0x139 ..\obj\stm32f10x_pwr.o
                                0x2be (size before relaxing)
 .debug_str     0x000017a2      0x7b1 ..\obj\init_ir.o
                                0xa5e (size before relaxing)
 .debug_str     0x00001f53       0x6e ..\obj\HzLib.o
                                0x140 (size before relaxing)
 .debug_str     0x00001fc1      0x26c ..\obj\stm32f10x_gpio.o
                                0x4c5 (size before relaxing)
 .debug_str     0x0000222d      0x100 ..\obj\main.o
                                0x3f7 (size before relaxing)
 .debug_str     0x0000232d       0xe8 ..\obj\init_usart.o
                                0x7a3 (size before relaxing)
 .debug_str     0x00002415       0x62 ..\obj\init_pwm.o
                                0x4dc (size before relaxing)
 .debug_str     0x00002477      0x29d ..\obj\TouchPanel.o
                                0x554 (size before relaxing)
 .debug_str     0x00002714       0x70 ..\obj\AsciiLib.o
                                0x142 (size before relaxing)
 .debug_str     0x00002784      0x3fa ..\obj\stm32f10x_rcc.o
                                0x5c6 (size before relaxing)
 .debug_str     0x00002b7e       0xe7 ..\obj\functions.o
                                0x43a (size before relaxing)
 .debug_str     0x00002c65       0xfa ..\obj\stm32f10x_exti.o
                                0x30a (size before relaxing)
 .debug_str     0x00002d5f      0x53e ..\obj\stm32f10x_adc.o
                                0x6a7 (size before relaxing)
 .debug_str     0x0000329d      0x3b4 ..\obj\stm32f10x_usart.o
                                0x63c (size before relaxing)
 .debug_str     0x00003651      0x14b ..\obj\init_ADC.o
                                0x465 (size before relaxing)
 .debug_str     0x0000379c       0xb8 ..\obj\ee_ram.o
                                0x1c3 (size before relaxing)
 .debug_str     0x00003854      0x165 ..\obj\syscalls.o
                                0x2b6 (size before relaxing)
 .debug_str     0x000039b9      0x419 ..\obj\stm32f10x_flash.o
                                0x594 (size before relaxing)
 .debug_str     0x00003dd2       0x86 ..\obj\pwm_nasz_regulator.o
                                0x9c3 (size before relaxing)
 .debug_str     0x00003e58      0x151 ..\obj\stm32f10x_dma.o
                                0x36d (size before relaxing)
 .debug_str     0x00003fa9      0x3c8 ..\obj\GLCD.o
                                0xacc (size before relaxing)
 .debug_str     0x00004371      0x164 ..\obj\misc.o
                                0x36f (size before relaxing)
 .debug_str     0x000044d5       0x62 ..\obj\init_timer.o
                                0x7bc (size before relaxing)
 .debug_str     0x00004537       0x58 ..\obj\init_input.o
                                0x2fc (size before relaxing)
 .debug_str     0x0000458f      0x2c1 ..\obj\stm32f10x_spi.o
                                0x5a9 (size before relaxing)
 .debug_str     0x00004850       0x80 ..\obj\systick.o
                                0x214 (size before relaxing)
 .debug_str     0x000048d0       0xcf ..\obj\stm32f10x_systick.o
                                0x22b (size before relaxing)

.comment        0x00000000       0x70
 .comment       0x00000000       0x70 ..\obj\stm32f10x_tim.o
                                 0x71 (size before relaxing)
 .comment       0x00000000       0x71 ..\obj\core_cm3.o
 .comment       0x00000000       0x71 ..\obj\system_stm32f10x.o
 .comment       0x00000000       0x71 ..\obj\startup_stm32f10x_hd.o
 .comment       0x00000000       0x71 ..\obj\stm32f10x_fsmc.o
 .comment       0x00000000       0x71 ..\obj\stm32f10x_pwr.o
 .comment       0x00000000       0x71 ..\obj\init_ir.o
 .comment       0x00000000       0x71 ..\obj\HzLib.o
 .comment       0x00000000       0x71 ..\obj\stm32f10x_gpio.o
 .comment       0x00000000       0x71 ..\obj\main.o
 .comment       0x00000000       0x71 ..\obj\init_usart.o
 .comment       0x00000000       0x71 ..\obj\init_pwm.o
 .comment       0x00000000       0x71 ..\obj\TouchPanel.o
 .comment       0x00000000       0x71 ..\obj\AsciiLib.o
 .comment       0x00000000       0x71 ..\obj\stm32f10x_rcc.o
 .comment       0x00000000       0x71 ..\obj\functions.o
 .comment       0x00000000       0x71 ..\obj\stm32f10x_exti.o
 .comment       0x00000000       0x71 ..\obj\stm32f10x_adc.o
 .comment       0x00000000       0x71 ..\obj\stm32f10x_usart.o
 .comment       0x00000000       0x71 ..\obj\init_ADC.o
 .comment       0x00000000       0x71 ..\obj\ee_ram.o
 .comment       0x00000000       0x71 ..\obj\syscalls.o
 .comment       0x00000000       0x71 ..\obj\stm32f10x_flash.o
 .comment       0x00000000       0x71 ..\obj\pwm_nasz_regulator.o
 .comment       0x00000000       0x71 ..\obj\stm32f10x_dma.o
 .comment       0x00000000       0x71 ..\obj\GLCD.o
 .comment       0x00000000       0x71 ..\obj\misc.o
 .comment       0x00000000       0x71 ..\obj\init_timer.o
 .comment       0x00000000       0x71 ..\obj\init_input.o
 .comment       0x00000000       0x71 ..\obj\stm32f10x_spi.o
 .comment       0x00000000       0x71 ..\obj\systick.o
 .comment       0x00000000       0x71 ..\obj\stm32f10x_systick.o

.ARM.attributes
                0x00000000       0x33
 .ARM.attributes
                0x00000000       0x33 ..\obj\stm32f10x_tim.o
 .ARM.attributes
                0x00000033       0x33 ..\obj\core_cm3.o
 .ARM.attributes
                0x00000066       0x33 ..\obj\system_stm32f10x.o
 .ARM.attributes
                0x00000099       0x33 ..\obj\startup_stm32f10x_hd.o
 .ARM.attributes
                0x000000cc       0x33 ..\obj\stm32f10x_fsmc.o
 .ARM.attributes
                0x000000ff       0x33 ..\obj\stm32f10x_pwr.o
 .ARM.attributes
                0x00000132       0x33 ..\obj\init_ir.o
 .ARM.attributes
                0x00000165       0x33 ..\obj\HzLib.o
 .ARM.attributes
                0x00000198       0x33 ..\obj\stm32f10x_gpio.o
 .ARM.attributes
                0x000001cb       0x33 ..\obj\main.o
 .ARM.attributes
                0x000001fe       0x33 ..\obj\init_usart.o
 .ARM.attributes
                0x00000231       0x33 ..\obj\init_pwm.o
 .ARM.attributes
                0x00000264       0x33 ..\obj\TouchPanel.o
 .ARM.attributes
                0x00000297       0x33 ..\obj\AsciiLib.o
 .ARM.attributes
                0x000002ca       0x33 ..\obj\stm32f10x_rcc.o
 .ARM.attributes
                0x000002fd       0x33 ..\obj\functions.o
 .ARM.attributes
                0x00000330       0x33 ..\obj\stm32f10x_exti.o
 .ARM.attributes
                0x00000363       0x33 ..\obj\stm32f10x_adc.o
 .ARM.attributes
                0x00000396       0x33 ..\obj\stm32f10x_usart.o
 .ARM.attributes
                0x000003c9       0x33 ..\obj\init_ADC.o
 .ARM.attributes
                0x000003fc       0x33 ..\obj\ee_ram.o
 .ARM.attributes
                0x0000042f       0x33 ..\obj\syscalls.o
 .ARM.attributes
                0x00000462       0x33 ..\obj\stm32f10x_flash.o
 .ARM.attributes
                0x00000495       0x33 ..\obj\pwm_nasz_regulator.o
 .ARM.attributes
                0x000004c8       0x33 ..\obj\stm32f10x_dma.o
 .ARM.attributes
                0x000004fb       0x33 ..\obj\GLCD.o
 .ARM.attributes
                0x0000052e       0x33 ..\obj\misc.o
 .ARM.attributes
                0x00000561       0x33 ..\obj\init_timer.o
 .ARM.attributes
                0x00000594       0x33 ..\obj\init_input.o
 .ARM.attributes
                0x000005c7       0x33 ..\obj\stm32f10x_spi.o
 .ARM.attributes
                0x000005fa       0x33 ..\obj\systick.o
 .ARM.attributes
                0x0000062d       0x33 ..\obj\stm32f10x_systick.o
 .ARM.attributes
                0x00000660       0x1d c:/coocox/gnu_tools_arm_embedded/4.6_2012q4/bin/../lib/gcc/arm-none-eabi/4.6.2/armv7-m\libgcc.a(_arm_addsubdf3.o)
 .ARM.attributes
                0x0000067d       0x1d c:/coocox/gnu_tools_arm_embedded/4.6_2012q4/bin/../lib/gcc/arm-none-eabi/4.6.2/armv7-m\libgcc.a(_arm_muldivdf3.o)
 .ARM.attributes
                0x0000069a       0x1d c:/coocox/gnu_tools_arm_embedded/4.6_2012q4/bin/../lib/gcc/arm-none-eabi/4.6.2/armv7-m\libgcc.a(_arm_cmpdf2.o)
 .ARM.attributes
                0x000006b7       0x1d c:/coocox/gnu_tools_arm_embedded/4.6_2012q4/bin/../lib/gcc/arm-none-eabi/4.6.2/armv7-m\libgcc.a(_arm_fixdfsi.o)
 .ARM.attributes
                0x000006d4       0x1d c:/coocox/gnu_tools_arm_embedded/4.6_2012q4/bin/../lib/gcc/arm-none-eabi/4.6.2/armv7-m\libgcc.a(_arm_fixunsdfsi.o)
 .ARM.attributes
                0x000006f1       0x2d c:/coocox/gnu_tools_arm_embedded/4.6_2012q4/bin/../lib/gcc/arm-none-eabi/4.6.2/../../../../arm-none-eabi/lib/armv7-m\libg.a(lib_a-memcpy.o)
 .ARM.attributes
                0x0000071e       0x2d c:/coocox/gnu_tools_arm_embedded/4.6_2012q4/bin/../lib/gcc/arm-none-eabi/4.6.2/../../../../arm-none-eabi/lib/armv7-m\libg.a(lib_a-memset.o)

.debug_frame    0x00000000     0x363c
 .debug_frame   0x00000000      0xa20 ..\obj\stm32f10x_tim.o
 .debug_frame   0x00000a20      0x280 ..\obj\core_cm3.o
 .debug_frame   0x00000ca0       0x80 ..\obj\system_stm32f10x.o
 .debug_frame   0x00000d20       0x48 ..\obj\startup_stm32f10x_hd.o
 .debug_frame   0x00000d68      0x220 ..\obj\stm32f10x_fsmc.o
 .debug_frame   0x00000f88      0x140 ..\obj\stm32f10x_pwr.o
 .debug_frame   0x000010c8       0xd8 ..\obj\init_ir.o
 .debug_frame   0x000011a0       0x30 ..\obj\HzLib.o
 .debug_frame   0x000011d0      0x210 ..\obj\stm32f10x_gpio.o
 .debug_frame   0x000013e0       0x30 ..\obj\main.o
 .debug_frame   0x00001410       0x30 ..\obj\init_usart.o
 .debug_frame   0x00001440       0x30 ..\obj\init_pwm.o
 .debug_frame   0x00001470      0x230 ..\obj\TouchPanel.o
 .debug_frame   0x000016a0       0x2c ..\obj\AsciiLib.o
 .debug_frame   0x000016cc      0x388 ..\obj\stm32f10x_rcc.o
 .debug_frame   0x00001a54      0x170 ..\obj\functions.o
 .debug_frame   0x00001bc4       0xec ..\obj\stm32f10x_exti.o
 .debug_frame   0x00001cb0      0x400 ..\obj\stm32f10x_adc.o
 .debug_frame   0x000020b0      0x344 ..\obj\stm32f10x_usart.o
 .debug_frame   0x000023f4       0x30 ..\obj\init_ADC.o
 .debug_frame   0x00002424       0xf0 ..\obj\ee_ram.o
 .debug_frame   0x00002514      0x108 ..\obj\syscalls.o
 .debug_frame   0x0000261c      0x338 ..\obj\stm32f10x_flash.o
 .debug_frame   0x00002954       0xa4 ..\obj\pwm_nasz_regulator.o
 .debug_frame   0x000029f8      0x144 ..\obj\stm32f10x_dma.o
 .debug_frame   0x00002b3c      0x5d0 ..\obj\GLCD.o
 .debug_frame   0x0000310c       0x9c ..\obj\misc.o
 .debug_frame   0x000031a8       0x48 ..\obj\init_timer.o
 .debug_frame   0x000031f0       0x50 ..\obj\init_input.o
 .debug_frame   0x00003240      0x29c ..\obj\stm32f10x_spi.o
 .debug_frame   0x000034dc       0x70 ..\obj\systick.o
 .debug_frame   0x0000354c       0x98 ..\obj\stm32f10x_systick.o
 .debug_frame   0x000035e4       0x2c c:/coocox/gnu_tools_arm_embedded/4.6_2012q4/bin/../lib/gcc/arm-none-eabi/4.6.2/../../../../arm-none-eabi/lib/armv7-m\libg.a(lib_a-memcpy.o)
 .debug_frame   0x00003610       0x2c c:/coocox/gnu_tools_arm_embedded/4.6_2012q4/bin/../lib/gcc/arm-none-eabi/4.6.2/../../../../arm-none-eabi/lib/armv7-m\libg.a(lib_a-memset.o)
